LES maps by theta_w: ['26', '38', '44', '53', '61', '75', '90', '96', '97', '97', '98', '121', '127', '143']

rays through, the tri machine at level 4.75 (f 4.05), the mount-law pose, the kernel's fixed sun offset; wind from the west
day        hour    el theta_w  map  fld rms mrad @5.2 T2100 | static 4.3 (2 film + 0.8 p    + field 5.2 m/s, T 4922  + field 5.2, T 2100 (fed) + iso of the same rms, T 2      + field 9 m/s, T 2100 film 1 mrad + field 5.2, T film 1 mrad + field 9, T 2
midwinter     9  21.1     130  127     2.73 ( 8.19 at 9) |                      79.4%                      76.4%                      66.9%                      66.8%                      27.9%                      76.2%                      29.9%
midwinter    10  29.1     117  121     2.25 ( 6.75 at 9) |                      75.5%                      73.1%                      65.3%                      65.9%                      32.1%                      76.0%                      34.9%
midwinter    11  34.5     104   98     0.17 ( 0.52 at 9) |                      71.9%                      71.9%                      71.8%                      71.9%                      71.2%                      85.6%                      84.8%
midwinter    12  36.4      90   90     0.25 ( 0.74 at 9) |                      70.4%                      70.3%                      70.3%                      70.3%                      69.1%                      85.0%                      83.8%
midwinter    13  34.5      76   75     0.58 ( 1.74 at 9) |                      69.9%                      69.8%                      69.4%                      69.1%                      64.1%                      83.8%                      77.3%
midwinter    14  29.1      63   61     0.86 ( 2.59 at 9) |                      71.3%                      71.3%                      70.1%                      70.0%                      59.4%                      83.8%                      69.9%
midwinter    15  21.1      50   53     1.10 ( 3.30 at 9) |                      74.4%                      74.3%                      72.8%                      72.2%                      57.3%                      85.0%                      65.6%
equinox       8  25.4     150  143     0.86 ( 2.56 at 9) |                      78.4%                      78.1%                      77.2%                      77.0%                      67.6%                      87.5%                      77.4%
equinox       9  37.4     135  127     2.74 ( 8.20 at 9) |                      72.5%                      69.0%                      58.4%                      56.9%                      20.3%                      70.8%                      21.7%
equinox      10  48.2     120  121     2.26 ( 6.76 at 9) |                      66.6%                      63.9%                      55.6%                      55.1%                      23.8%                      68.8%                      26.7%
equinox      11  56.2     105   98     0.17 ( 0.52 at 9) |                      57.2%                      57.1%                      57.0%                      57.1%                      56.1%                      73.7%                      72.4%
equinox      12  59.4      90   90     0.25 ( 0.74 at 9) |                      54.1%                      54.2%                      54.2%                      54.0%                      53.2%                      71.4%                      70.5%
equinox      13  56.2      75   75     0.58 ( 1.74 at 9) |                      55.3%                      55.4%                      55.1%                      54.6%                      50.3%                      72.1%                      64.7%
equinox      14  48.2      60   61     0.86 ( 2.59 at 9) |                      62.2%                      62.0%                      60.7%                      60.4%                      49.3%                      77.9%                      60.1%
equinox      15  37.4      45   44     1.21 ( 3.62 at 9) |                      65.8%                      65.5%                      63.3%                      62.8%                      44.1%                      78.9%                      50.5%
equinox      16  25.4      30   26     0.88 ( 2.64 at 9) |                      70.6%                      70.8%                      69.9%                      69.1%                      59.2%                      84.1%                      70.2%
midsummer     8  36.6     143  143     0.86 ( 2.57 at 9) |                      72.6%                      72.4%                      71.2%                      70.8%                      61.1%                      85.9%                      73.7%
midsummer     9  49.5     130  127     2.74 ( 8.20 at 9) |                      66.1%                      62.7%                      50.9%                      50.3%                      16.6%                      64.2%                      17.7%
midsummer    10  62.5     117  121     2.26 ( 6.76 at 9) |                      53.5%                      50.9%                      43.1%                      42.7%                      16.5%                      56.6%                      18.2%
midsummer    11  75.0     104   98     0.17 ( 0.52 at 9) |                      50.4%                      50.3%                      50.2%                      50.4%                      49.3%                      70.1%                      68.6%
midsummer    12  83.2      90   90     0.25 ( 0.74 at 9) |                      49.6%                      49.8%                      49.8%                      49.5%                      48.9%                      68.5%                      67.1%
midsummer    13  75.0      76   75     0.58 ( 1.74 at 9) |                      49.4%                      49.4%                      48.9%                      48.4%                      43.7%                      68.0%                      58.6%
midsummer    14  62.5      63   61     0.86 ( 2.59 at 9) |                      51.0%                      50.7%                      49.3%                      49.3%                      38.3%                      67.2%                      48.3%
midsummer    15  49.5      50   53     1.10 ( 3.30 at 9) |                      60.4%                      60.2%                      58.0%                      57.8%                      41.2%                      75.4%                      48.4%
midsummer    16  36.6      37   38     1.07 ( 3.22 at 9) |                      64.8%                      64.7%                      63.0%                      62.5%                      47.1%                      79.3%                      55.2%

sin(el)-weighted year means:
   static 4.3 (2 film + 0.8 print), no wind      62.0 %
   + field 5.2 m/s, T 4922                       61.3 %
   + field 5.2, T 2100 (fed)                     58.6 %
   + iso of the same rms, T 2100                 58.3 %
   + field 9 m/s, T 2100                         45.5 %
   film 1 mrad + field 5.2, T 2100               74.1 %
   film 1 mrad + field 9, T 2100                 56.1 %
DONE
