VALIDATION: the kernel's deep vertical-bore machine (cap 0.15 m beyond F, r_cap 0.286, F2 3 m below F, no slot, no strut) against the torch twin, 128 x 512 rays, same noise draws, sigb 0.0043
    day/hour    el    who |  through   shadow     hole   no hit crossing     bore       M3      way   collar
  172/12      83.2 kernel |    80.6%     1.8%     4.0%     0.0%     0.0%     0.1%     0.8%     0.0%    12.6%
                     twin |    80.0%     1.8%     4.0%     0.0%     0.0%     0.1%     0.8%     0.0%    13.2%
   80/12      59.4 kernel |     8.2%     1.8%     4.0%     0.0%    84.8%     0.1%     0.1%     0.0%     1.0%
                     twin |     8.2%     1.8%     4.0%     0.0%    84.8%     0.1%     0.1%     0.0%     1.0%
   80/9       37.4 kernel |     0.0%     1.8%     4.0%     0.0%    94.2%     0.0%     0.0%     0.0%     0.0%
                     twin |     0.0%     1.8%     4.0%     0.0%    94.2%     0.0%     0.0%     0.0%     0.0%
  355/12      36.4 kernel |     0.0%     1.8%     4.0%     0.0%    94.2%     0.0%     0.0%     0.0%     0.0%
                     twin |     0.0%     1.8%     4.0%     0.0%    94.2%     0.0%     0.0%     0.0%     0.0%

THE COUDE RELAY, midsummer noon (el 83), sigb 0.0043, with the sun's disc: stalk at (1.25, 0.0), deck z 3.6, M4 at z 5.35, stalk 1.4 m beside the axis, M3 patch r 0.55, M4 patch r 0.6, pivot bore r 0.3 over 0.4-1.0 m from the stalk, stalk r 0.46
(a first sweep, kept in the README: F2 at 1.2-1.5 m behind the vertex with M3 relaying 1:1 or magnifying lost 33-70 % of the rays in the pivot's bore - the cap's image, 10-14 cm rms at magnification 16-26, is too large for a 0.30 m bore with the cone it carries; so F2 comes in towards the vertex and M3 demagnifies)
neck   2c     d  mag   s1  s1p   s2  s2p hole | throug cap sh   hole  blade no cap   film     M3  pivot     M4  stalk turn M    way collar | rms radii cm: F2  M3  F3 piv  M4 F2c deck
 1.3 1.20  0.15    9 1.15 0.60 0.80 2.00 0.40 |  57.5%   1.4%   2.2%   0.0%   0.0%   0.2%   2.2%  15.3%   5.5%   0.0%   2.2%   0.0%  13.6% |  8.0 28.1  5.2 23.6 37.2  7.8  5.6
 1.3 1.20  0.15    9 1.15 0.60 0.80 2.00 0.50 |  55.9%   1.4%   4.4%   0.0%   0.0%   0.0%   2.3%  15.1%   5.5%   0.0%   2.2%   0.0%  13.2% |  8.2 28.3  5.2 23.8 37.4  7.8  5.6
 1.3 1.20  0.15    9 1.15 0.60 0.80 2.80 0.40 |  71.7%   1.4%   2.2%   0.0%   0.0%   0.2%   2.2%  15.3%   6.2%   0.1%   0.0%   0.0%   0.9% |  8.0 28.1  5.2 23.6 37.8 10.8  8.8
 1.3 1.20  0.15    9 1.15 0.60 0.80 2.80 0.50 |  69.7%   1.4%   4.4%   0.0%   0.0%   0.0%   2.3%  15.1%   6.1%   0.1%   0.0%   0.0%   0.8% |  8.2 28.3  5.2 23.8 37.9 10.8  8.9
 1.3 1.20  0.15    9 1.15 0.60 0.80 3.50 0.40 |  72.1%   1.4%   2.2%   0.0%   0.0%   0.2%   2.2%  15.3%   6.5%   0.2%   0.0%   0.0%   0.0% |  8.0 28.1  5.2 23.6 38.1 13.4 11.7
 1.3 1.20  0.15    9 1.15 0.60 0.80 3.50 0.50 |  70.1%   1.4%   4.4%   0.0%   0.0%   0.0%   2.3%  15.1%   6.4%   0.2%   0.0%   0.0%   0.0% |  8.2 28.3  5.2 23.8 38.2 13.4 11.8
 1.3 1.20  0.15    9 1.15 0.70 0.70 2.00 0.40 |  64.0%   1.4%   2.2%   0.0%   0.0%   0.2%   2.2%   4.6%   4.1%   0.0%   4.2%   0.0%  17.1% |  8.0 28.3  5.6 16.5 33.4 10.9  7.7
 1.3 1.20  0.15    9 1.15 0.70 0.70 2.00 0.50 |  62.3%   1.4%   4.4%   0.0%   0.0%   0.0%   2.3%   4.6%   4.0%   0.0%   4.1%   0.0%  16.7% |  8.2 28.5  5.6 16.6 33.5 10.9  7.7
 1.3 1.20  0.15    9 1.15 0.70 0.70 2.80 0.40 |  81.4%   1.4%   2.2%   0.0%   0.0%   0.2%   2.2%   4.6%   4.6%   0.0%   0.3%   0.0%   3.1% |  8.0 28.3  5.6 16.5 33.8 15.0  7.7
 1.3 1.20  0.15    9 1.15 0.70 0.70 2.80 0.50 |  79.4%   1.4%   4.4%   0.0%   0.0%   0.0%   2.3%   4.6%   4.5%   0.0%   0.3%   0.0%   3.0% |  8.2 28.5  5.6 16.6 34.0 15.0  7.8
 1.3 1.20  0.15    9 1.15 0.70 0.70 3.50 0.40 |  83.9%   1.4%   2.2%   0.0%   0.0%   0.2%   2.2%   4.6%   4.8%   0.1%   0.0%   0.0%   0.6% |  8.0 28.3  5.6 16.5 34.1 18.7  9.5
 1.3 1.20  0.15    9 1.15 0.70 0.70 3.50 0.50 |  81.8%   1.4%   4.4%   0.0%   0.0%   0.0%   2.3%   4.6%   4.8%   0.1%   0.0%   0.0%   0.6% |  8.2 28.5  5.6 16.6 34.2 18.7  9.6
 1.3 1.20  0.15    9 1.15 0.80 0.60 2.00 0.40 |  65.0%   1.4%   2.2%   0.0%   0.0%   0.2%   2.3%   1.7%   2.3%   0.1%   6.8%   0.0%  18.0% |  8.0 28.4  6.2 13.7 28.6 15.0 11.2
 1.3 1.20  0.15    9 1.15 0.80 0.60 2.00 0.50 |  63.4%   1.4%   4.4%   0.0%   0.0%   0.0%   2.4%   1.7%   2.3%   0.1%   6.7%   0.0%  17.6% |  8.2 28.6  6.2 13.8 28.7 15.0 11.2
 1.3 1.20  0.15    9 1.15 0.80 0.60 2.80 0.40 |  82.1%   1.4%   2.2%   0.0%   0.0%   0.2%   2.3%   1.7%   2.7%   0.0%   1.6%   0.0%   5.9% |  8.0 28.4  6.2 13.7 28.9 20.7  8.9
 1.3 1.20  0.15    9 1.15 0.80 0.60 2.80 0.50 |  80.1%   1.4%   4.4%   0.0%   0.0%   0.0%   2.4%   1.7%   2.6%   0.0%   1.6%   0.0%   5.7% |  8.2 28.6  6.2 13.8 29.0 20.7  8.9
 1.3 1.20  0.15    9 1.15 0.80 0.60 3.50 0.40 |  86.4%   1.4%   2.2%   0.0%   0.0%   0.2%   2.3%   1.7%   2.8%   0.0%   0.6%   0.0%   2.4% |  8.0 28.4  6.2 13.7 29.1 25.7  8.9
 1.3 1.20  0.15    9 1.15 0.80 0.60 3.50 0.50 |  84.3%   1.4%   4.4%   0.0%   0.0%   0.0%   2.4%   1.7%   2.8%   0.0%   0.6%   0.0%   2.3% |  8.2 28.6  6.2 13.8 29.2 25.8  9.0
 1.3 1.20  0.20    7 1.15 0.60 0.80 2.00 0.40 |  58.5%   2.6%   1.0%   0.0%   0.0%   0.0%   2.2%  16.2%   6.7%   0.0%   1.6%   0.0%  11.3% |  6.4 31.0  4.2 24.5 39.4  6.5  5.7
 1.3 1.20  0.20    7 1.15 0.60 0.80 2.00 0.50 |  56.6%   2.6%   3.2%   0.0%   0.0%   0.0%   2.2%  16.1%   6.7%   0.0%   1.5%   0.0%  11.1% |  6.4 31.2  4.2 24.7 39.7  6.5  5.7
 1.3 1.20  0.20    7 1.15 0.60 0.80 2.80 0.40 |  70.1%   2.6%   1.0%   0.0%   0.0%   0.0%   2.2%  16.2%   7.5%   0.1%   0.0%   0.0%   0.3% |  6.4 31.0  4.2 24.5 40.0  9.1 10.8
 1.3 1.20  0.20    7 1.15 0.60 0.80 2.80 0.50 |  68.0%   2.6%   3.2%   0.0%   0.0%   0.0%   2.2%  16.1%   7.5%   0.1%   0.0%   0.0%   0.3% |  6.4 31.2  4.2 24.7 40.4  9.1 10.9
 1.3 1.20  0.20    7 1.15 0.60 0.80 3.50 0.40 |  69.8%   2.6%   1.0%   0.0%   0.0%   0.0%   2.2%  16.2%   7.9%   0.3%   0.0%   0.0%   0.0% |  6.4 31.0  4.2 24.5 40.4 11.3 14.1
 1.3 1.20  0.20    7 1.15 0.60 0.80 3.50 0.50 |  67.7%   2.6%   3.2%   0.0%   0.0%   0.0%   2.2%  16.1%   7.9%   0.3%   0.0%   0.0%   0.0% |  6.4 31.2  4.2 24.7 40.7 11.3 14.2
 1.3 1.20  0.20    7 1.15 0.70 0.70 2.00 0.40 |  70.4%   2.6%   1.0%   0.0%   0.0%   0.0%   2.4%   3.7%   3.9%   0.0%   2.5%   0.0%  13.4% |  6.4 31.1  4.6 16.2 34.3  8.9  6.8
 1.3 1.20  0.20    7 1.15 0.70 0.70 2.00 0.50 |  68.5%   2.6%   3.2%   0.0%   0.0%   0.0%   2.3%   3.7%   3.9%   0.0%   2.5%   0.0%  13.2% |  6.4 31.4  4.6 16.3 34.5  8.9  6.9
 1.3 1.20  0.20    7 1.15 0.70 0.70 2.80 0.40 |  84.2%   2.6%   1.0%   0.0%   0.0%   0.0%   2.4%   3.7%   4.4%   0.0%   0.1%   0.0%   1.4% |  6.4 31.1  4.6 16.2 34.7 12.4  9.3
 1.3 1.20  0.20    7 1.15 0.70 0.70 2.80 0.50 |  82.1%   2.6%   3.2%   0.0%   0.0%   0.0%   2.3%   3.7%   4.4%   0.0%   0.1%   0.0%   1.4% |  6.4 31.4  4.6 16.3 35.0 12.4  9.4
 1.3 1.20  0.20    7 1.15 0.70 0.70 3.50 0.40 |  85.2%   2.6%   1.0%   0.0%   0.0%   0.0%   2.4%   3.7%   4.7%   0.1%   0.0%   0.0%   0.2% |  6.4 31.1  4.6 16.2 35.0 15.4 11.8
 1.3 1.20  0.20    7 1.15 0.70 0.70 3.50 0.50 |  83.1%   2.6%   3.2%   0.0%   0.0%   0.0%   2.3%   3.7%   4.7%   0.1%   0.0%   0.0%   0.2% |  6.4 31.4  4.6 16.3 35.2 15.4 11.9
 1.3 1.20  0.20    7 1.15 0.80 0.60 2.00 0.40 |  74.0%   2.6%   1.0%   0.0%   0.0%   0.0%   2.6%   1.8%   1.7%   0.1%   3.4%   0.0%  12.9% |  6.4 31.3  5.0 14.4 27.9 12.3  9.4
 1.3 1.20  0.20    7 1.15 0.80 0.60 2.00 0.50 |  72.1%   2.6%   3.2%   0.0%   0.0%   0.0%   2.5%   1.8%   1.7%   0.1%   3.3%   0.0%  12.7% |  6.4 31.5  5.0 14.5 28.1 12.3  9.4
 1.3 1.20  0.20    7 1.15 0.80 0.60 2.80 0.40 |  86.5%   2.6%   1.0%   0.0%   0.0%   0.0%   2.6%   1.8%   2.0%   0.0%   0.7%   0.0%   2.9% |  6.4 31.3  5.0 14.4 28.3 17.0  9.1
 1.3 1.20  0.20    7 1.15 0.80 0.60 2.80 0.50 |  84.4%   2.6%   3.2%   0.0%   0.0%   0.0%   2.5%   1.8%   1.9%   0.0%   0.7%   0.0%   2.8% |  6.4 31.5  5.0 14.5 28.4 17.0  9.1
 1.3 1.20  0.20    7 1.15 0.80 0.60 3.50 0.40 |  88.7%   2.6%   1.0%   0.0%   0.0%   0.0%   2.6%   1.8%   2.1%   0.0%   0.3%   0.0%   0.9% |  6.4 31.3  5.0 14.4 28.4 21.2 10.1
 1.3 1.20  0.20    7 1.15 0.80 0.60 3.50 0.50 |  86.6%   2.6%   3.2%   0.0%   0.0%   0.0%   2.5%   1.8%   2.1%   0.0%   0.3%   0.0%   0.8% |  6.4 31.5  5.0 14.5 28.6 21.2 10.2
 1.3 1.20  0.25    6 1.15 0.60 0.80 2.00 0.50 |  51.0%   4.0%   1.8%   0.0%   0.0%   0.0%   3.4%  19.6%   8.8%   0.0%   1.3%   0.0%  10.0% |  5.4 35.1  3.7 27.1 43.2  5.8  6.0
 1.3 1.20  0.25    6 1.15 0.60 0.80 2.80 0.50 |  61.0%   4.0%   1.8%   0.0%   0.0%   0.0%   3.4%  19.6%   9.7%   0.3%   0.0%   0.0%   0.1% |  5.4 35.1  3.7 27.1 44.1  8.1 12.5
 1.3 1.20  0.25    6 1.15 0.60 0.80 3.50 0.50 |  60.4%   4.0%   1.8%   0.0%   0.0%   0.0%   3.4%  19.6%  10.2%   0.6%   0.0%   0.0%   0.0% |  5.4 35.1  3.7 27.1 44.6 10.1 16.2
 1.3 1.20  0.25    6 1.15 0.70 0.70 2.00 0.50 |  67.6%   4.0%   1.8%   0.0%   0.0%   0.0%   3.9%   4.4%   4.2%   0.0%   2.0%   0.0%  12.0% |  5.4 35.3  4.0 17.1 36.7  7.8  6.6
 1.3 1.20  0.25    6 1.15 0.70 0.70 2.80 0.50 |  79.9%   4.0%   1.8%   0.0%   0.0%   0.0%   3.9%   4.4%   4.9%   0.1%   0.1%   0.0%   0.8% |  5.4 35.3  4.0 17.1 37.2 10.8 10.9
 1.3 1.20  0.25    6 1.15 0.70 0.70 3.50 0.50 |  80.2%   4.0%   1.8%   0.0%   0.0%   0.0%   3.9%   4.4%   5.2%   0.2%   0.0%   0.0%   0.1% |  5.4 35.3  4.0 17.1 37.5 13.4 14.0
 1.3 1.20  0.25    6 1.15 0.80 0.60 2.00 0.50 |  73.0%   4.0%   1.8%   0.0%   0.0%   0.0%   4.4%   3.0%   1.2%   0.1%   2.2%   0.0%  10.3% |  5.4 35.5  4.4 16.1 29.1 10.7  8.5
 1.3 1.20  0.25    6 1.15 0.80 0.60 2.80 0.50 |  83.2%   4.0%   1.8%   0.0%   0.0%   0.0%   4.4%   3.0%   1.5%   0.0%   0.4%   0.0%   1.6% |  5.4 35.5  4.4 16.1 29.4 14.9  9.8
 1.3 1.20  0.25    6 1.15 0.80 0.60 3.50 0.50 |  84.4%   4.0%   1.8%   0.0%   0.0%   0.0%   4.4%   3.0%   1.7%   0.0%   0.3%   0.0%   0.4% |  5.4 35.5  4.4 16.1 29.6 18.5 11.6
 1.3 1.35  0.15   10 1.00 0.60 0.80 2.00 0.40 |  55.3%   1.6%   2.0%   0.0%   0.0%   0.2%   1.7%  14.8%   4.3%   0.0%   3.5%   0.0%  16.6% |  8.9 24.4  6.8 23.6 35.4  9.7  6.5
 1.3 1.35  0.15   10 1.00 0.60 0.80 2.00 0.50 |  53.9%   1.6%   4.2%   0.0%   0.0%   0.0%   1.8%  14.6%   4.3%   0.0%   3.4%   0.0%  16.2% |  9.1 24.6  6.8 23.7 35.5  9.7  6.5
 1.3 1.35  0.15   10 1.00 0.60 0.80 2.80 0.40 |  72.5%   1.6%   2.0%   0.0%   0.0%   0.2%   1.7%  14.8%   4.8%   0.0%   0.0%   0.0%   2.3% |  8.9 24.4  6.8 23.6 35.9 13.3  7.4
 1.3 1.35  0.15   10 1.00 0.60 0.80 2.80 0.50 |  70.7%   1.6%   4.2%   0.0%   0.0%   0.0%   1.8%  14.6%   4.8%   0.0%   0.0%   0.0%   2.3% |  9.1 24.6  6.8 23.7 36.0 13.3  7.5
 1.3 1.35  0.15   10 1.00 0.60 0.80 3.50 0.40 |  74.4%   1.6%   2.0%   0.0%   0.0%   0.2%   1.7%  14.8%   5.1%   0.0%   0.0%   0.0%   0.2% |  8.9 24.4  6.8 23.6 36.1 16.5  9.8
 1.3 1.35  0.15   10 1.00 0.60 0.80 3.50 0.50 |  72.5%   1.6%   4.2%   0.0%   0.0%   0.0%   1.8%  14.6%   5.0%   0.0%   0.0%   0.0%   0.2% |  9.1 24.6  6.8 23.7 36.2 16.5  9.9
 1.3 1.35  0.15   10 1.00 0.70 0.70 2.00 0.40 |  57.7%   1.6%   2.0%   0.0%   0.0%   0.2%   1.7%   5.9%   3.6%   0.0%   7.2%   0.0%  20.2% |  8.9 24.6  7.4 17.6 32.3 13.7  9.7
 1.3 1.35  0.15   10 1.00 0.70 0.70 2.00 0.50 |  56.3%   1.6%   4.2%   0.0%   0.0%   0.0%   1.8%   5.8%   3.5%   0.0%   7.0%   0.0%  19.8% |  9.1 24.8  7.4 17.7 32.4 13.7  9.7
 1.3 1.35  0.15   10 1.00 0.70 0.70 2.80 0.40 |  77.8%   1.6%   2.0%   0.0%   0.0%   0.2%   1.7%   5.9%   4.0%   0.0%   1.0%   0.0%   5.9% |  8.9 24.6  7.4 17.6 32.7 18.8  7.5
 1.3 1.35  0.15   10 1.00 0.70 0.70 2.80 0.50 |  75.9%   1.6%   4.2%   0.0%   0.0%   0.0%   1.8%   5.8%   3.9%   0.0%   1.0%   0.0%   5.7% |  9.1 24.8  7.4 17.7 32.8 18.8  7.5
 1.3 1.35  0.15   10 1.00 0.70 0.70 3.50 0.40 |  82.5%   1.6%   2.0%   0.0%   0.0%   0.2%   1.7%   5.9%   4.2%   0.0%   0.1%   0.0%   1.8% |  8.9 24.6  7.4 17.6 32.9 23.3  8.2
 1.3 1.35  0.15   10 1.00 0.70 0.70 3.50 0.50 |  80.5%   1.6%   4.2%   0.0%   0.0%   0.0%   1.8%   5.8%   4.1%   0.0%   0.1%   0.0%   1.8% |  9.1 24.8  7.4 17.7 33.0 23.3  8.2
 1.3 1.35  0.15   10 1.00 0.80 0.60 2.00 0.40 |  55.7%   1.6%   2.0%   0.0%   0.0%   0.2%   1.7%   2.7%   2.5%   0.3%  12.4%   0.0%  21.0% |  8.9 24.7  8.1 14.4 28.7 19.0 14.4
 1.3 1.35  0.15   10 1.00 0.80 0.60 2.00 0.50 |  54.3%   1.6%   4.2%   0.0%   0.0%   0.0%   1.8%   2.7%   2.4%   0.3%  12.1%   0.0%  20.5% |  9.1 24.9  8.1 14.5 28.7 19.0 14.4
 1.3 1.35  0.15   10 1.00 0.80 0.60 2.80 0.40 |  74.9%   1.6%   2.0%   0.0%   0.0%   0.2%   1.7%   2.7%   2.8%   0.1%   4.4%   0.0%   9.6% |  8.9 24.7  8.1 14.4 29.0 26.1 10.7
 1.3 1.35  0.15   10 1.00 0.80 0.60 2.80 0.50 |  73.2%   1.6%   4.2%   0.0%   0.0%   0.0%   1.8%   2.7%   2.8%   0.1%   4.3%   0.0%   9.3% |  9.1 24.9  8.1 14.5 29.1 26.1 10.7
 1.3 1.35  0.15   10 1.00 0.80 0.60 3.50 0.40 |  81.6%   1.6%   2.0%   0.0%   0.0%   0.2%   1.7%   2.7%   3.0%   0.0%   2.2%   0.0%   5.0% |  8.9 24.7  8.1 14.4 29.2 32.3  9.6
 1.3 1.35  0.15   10 1.00 0.80 0.60 3.50 0.50 |  79.7%   1.6%   4.2%   0.0%   0.0%   0.0%   1.8%   2.7%   2.9%   0.0%   2.2%   0.0%   4.8% |  9.1 24.9  8.1 14.5 29.2 32.3  9.7
 1.3 1.35  0.20    8 1.00 0.60 0.80 2.00 0.40 |  62.8%   2.8%   0.8%   0.0%   0.0%   0.0%   1.3%  12.1%   4.6%   0.0%   2.2%   0.0%  13.3% |  7.1 25.9  5.4 22.3 35.9  8.1  6.0
 1.3 1.35  0.20    8 1.00 0.60 0.80 2.00 0.50 |  61.1%   2.8%   3.0%   0.0%   0.0%   0.0%   1.3%  12.1%   4.6%   0.0%   2.2%   0.0%  13.0% |  7.1 26.1  5.4 22.4 36.1  8.1  6.1
 1.3 1.35  0.20    8 1.00 0.60 0.80 2.80 0.40 |  76.7%   2.8%   0.8%   0.0%   0.0%   0.0%   1.3%  12.1%   5.2%   0.0%   0.0%   0.0%   1.0% |  7.1 25.9  5.4 22.3 36.4 11.2  9.1
 1.3 1.35  0.20    8 1.00 0.60 0.80 2.80 0.50 |  74.6%   2.8%   3.0%   0.0%   0.0%   0.0%   1.3%  12.1%   5.2%   0.0%   0.0%   0.0%   1.0% |  7.1 26.1  5.4 22.4 36.6 11.2  9.2
 1.3 1.35  0.20    8 1.00 0.60 0.80 3.50 0.40 |  77.3%   2.8%   0.8%   0.0%   0.0%   0.0%   1.3%  12.1%   5.5%   0.1%   0.0%   0.0%   0.1% |  7.1 25.9  5.4 22.3 36.6 13.9 11.9
 1.3 1.35  0.20    8 1.00 0.60 0.80 3.50 0.50 |  75.2%   2.8%   3.0%   0.0%   0.0%   0.0%   1.3%  12.1%   5.5%   0.1%   0.0%   0.0%   0.1% |  7.1 26.1  5.4 22.4 36.8 13.9 12.0
 1.3 1.35  0.20    8 1.00 0.70 0.70 2.00 0.40 |  68.8%   2.8%   0.8%   0.0%   0.0%   0.0%   1.3%   3.6%   3.0%   0.0%   3.8%   0.0%  15.9% |  7.1 26.1  5.9 15.9 31.5 11.2  8.2
 1.3 1.35  0.20    8 1.00 0.70 0.70 2.00 0.50 |  67.1%   2.8%   3.0%   0.0%   0.0%   0.0%   1.3%   3.5%   3.0%   0.0%   3.7%   0.0%  15.6% |  7.1 26.2  5.9 15.9 31.7 11.2  8.2
 1.3 1.35  0.20    8 1.00 0.70 0.70 2.80 0.40 |  84.8%   2.8%   0.8%   0.0%   0.0%   0.0%   1.3%   3.6%   3.4%   0.0%   0.4%   0.0%   2.9% |  7.1 26.1  5.9 15.9 31.9 15.5  8.2
 1.3 1.35  0.20    8 1.00 0.70 0.70 2.80 0.50 |  82.7%   2.8%   3.0%   0.0%   0.0%   0.0%   1.3%   3.5%   3.4%   0.0%   0.4%   0.0%   2.8% |  7.1 26.2  5.9 15.9 32.1 15.5  8.3
 1.3 1.35  0.20    8 1.00 0.70 0.70 3.50 0.40 |  87.2%   2.8%   0.8%   0.0%   0.0%   0.0%   1.3%   3.6%   3.6%   0.0%   0.1%   0.0%   0.6% |  7.1 26.1  5.9 15.9 32.1 19.3  9.8
 1.3 1.35  0.20    8 1.00 0.70 0.70 3.50 0.50 |  85.0%   2.8%   3.0%   0.0%   0.0%   0.0%   1.3%   3.5%   3.6%   0.0%   0.1%   0.0%   0.6% |  7.1 26.2  5.9 15.9 32.3 19.3  9.9
 1.3 1.35  0.20    8 1.00 0.80 0.60 2.00 0.40 |  68.8%   2.8%   0.8%   0.0%   0.0%   0.0%   1.3%   1.6%   1.7%   0.2%   6.0%   0.0%  16.8% |  7.1 26.2  6.4 13.4 26.7 15.5 11.9
 1.3 1.35  0.20    8 1.00 0.80 0.60 2.00 0.50 |  67.1%   2.8%   3.0%   0.0%   0.0%   0.0%   1.3%   1.6%   1.7%   0.2%   5.9%   0.0%  16.4% |  7.1 26.4  6.4 13.5 26.8 15.5 11.9
 1.3 1.35  0.20    8 1.00 0.80 0.60 2.80 0.40 |  84.3%   2.8%   0.8%   0.0%   0.0%   0.0%   1.3%   1.6%   1.9%   0.1%   1.7%   0.0%   5.5% |  7.1 26.2  6.4 13.4 27.0 21.4  9.7
 1.3 1.35  0.20    8 1.00 0.80 0.60 2.80 0.50 |  82.3%   2.8%   3.0%   0.0%   0.0%   0.0%   1.3%   1.6%   1.9%   0.1%   1.7%   0.0%   5.4% |  7.1 26.4  6.4 13.5 27.1 21.4  9.8
 1.3 1.35  0.20    8 1.00 0.80 0.60 3.50 0.40 |  88.3%   2.8%   0.8%   0.0%   0.0%   0.0%   1.3%   1.6%   2.0%   0.0%   0.8%   0.0%   2.3% |  7.1 26.2  6.4 13.4 27.1 26.6  9.7
 1.3 1.35  0.20    8 1.00 0.80 0.60 3.50 0.50 |  86.2%   2.8%   3.0%   0.0%   0.0%   0.0%   1.3%   1.6%   2.0%   0.0%   0.8%   0.0%   2.2% |  7.1 26.4  6.4 13.5 27.3 26.6  9.8
 1.3 1.35  0.25    6 1.00 0.60 0.80 2.00 0.50 |  60.7%   4.2%   1.6%   0.0%   0.0%   0.0%   1.0%  13.8%   5.5%   0.0%   1.6%   0.0%  11.5% |  5.9 28.9  4.8 23.4 38.2  7.0  6.0
 1.3 1.35  0.25    6 1.00 0.60 0.80 2.80 0.50 |  72.6%   4.2%   1.6%   0.0%   0.0%   0.0%   1.0%  13.8%   6.2%   0.1%   0.0%   0.0%   0.4% |  5.9 28.9  4.8 23.4 38.8  9.7 10.8
 1.3 1.35  0.25    6 1.00 0.60 0.80 3.50 0.50 |  72.4%   4.2%   1.6%   0.0%   0.0%   0.0%   1.0%  13.8%   6.6%   0.2%   0.0%   0.0%   0.0% |  5.9 28.9  4.8 23.4 39.1 12.1 14.0
 1.3 1.35  0.25    6 1.00 0.70 0.70 2.00 0.50 |  71.1%   4.2%   1.6%   0.0%   0.0%   0.0%   1.2%   3.3%   3.0%   0.0%   2.5%   0.0%  13.0% |  5.9 29.0  5.2 16.0 32.9  9.6  7.4
 1.3 1.35  0.25    6 1.00 0.70 0.70 2.80 0.50 |  84.5%   4.2%   1.6%   0.0%   0.0%   0.0%   1.2%   3.3%   3.4%   0.0%   0.2%   0.0%   1.6% |  5.9 29.0  5.2 16.0 33.3 13.3  9.4
 1.3 1.35  0.25    6 1.00 0.70 0.70 3.50 0.50 |  85.6%   4.2%   1.6%   0.0%   0.0%   0.0%   1.2%   3.3%   3.6%   0.1%   0.1%   0.0%   0.3% |  5.9 29.0  5.2 16.0 33.5 16.6 11.7
 1.3 1.35  0.25    6 1.00 0.80 0.60 2.00 0.50 |  73.5%   4.2%   1.6%   0.0%   0.0%   0.0%   1.3%   1.7%   1.4%   0.2%   3.5%   0.0%  12.7% |  5.9 29.2  5.7 14.3 27.0 13.3 10.4
 1.3 1.35  0.25    6 1.00 0.80 0.60 2.80 0.50 |  85.5%   4.2%   1.6%   0.0%   0.0%   0.0%   1.3%   1.7%   1.6%   0.1%   0.9%   0.0%   3.1% |  5.9 29.2  5.7 14.3 27.2 18.4  9.7
 1.3 1.35  0.25    6 1.00 0.80 0.60 3.50 0.50 |  87.9%   4.2%   1.6%   0.0%   0.0%   0.0%   1.3%   1.7%   1.7%   0.1%   0.5%   0.0%   1.1% |  5.9 29.2  5.7 14.3 27.4 22.9 10.5
 1.3 1.50  0.15   11 0.85 0.60 0.80 2.00 0.40 |  48.8%   1.6%   2.0%   0.0%   0.0%   0.2%   1.5%  17.0%   3.5%   0.0%   5.7%   0.0%  19.7% |  9.7 21.7  9.2 25.9 34.6 12.1  8.1
 1.3 1.50  0.15   11 0.85 0.60 0.80 2.00 0.50 |  47.5%   1.6%   4.2%   0.0%   0.0%   0.0%   1.7%  16.8%   3.4%   0.0%   5.5%   0.0%  19.2% | 10.0 21.8  9.3 26.0 34.6 12.1  8.1
 1.3 1.50  0.15   11 0.85 0.60 0.80 2.80 0.40 |  68.8%   1.6%   2.0%   0.0%   0.0%   0.2%   1.5%  17.0%   4.0%   0.0%   0.2%   0.0%   4.6% |  9.7 21.7  9.2 25.9 35.0 16.5  6.5
 1.3 1.50  0.15   11 0.85 0.60 0.80 2.80 0.50 |  67.1%   1.6%   4.2%   0.0%   0.0%   0.0%   1.7%  16.8%   3.9%   0.0%   0.2%   0.0%   4.4% | 10.0 21.8  9.3 26.0 35.0 16.5  6.6
 1.3 1.50  0.15   11 0.85 0.60 0.80 3.50 0.40 |  72.6%   1.6%   2.0%   0.0%   0.0%   0.2%   1.5%  17.0%   4.2%   0.0%   0.0%   0.0%   0.7% |  9.7 21.7  9.2 25.9 35.2 20.5  8.1
 1.3 1.50  0.15   11 0.85 0.60 0.80 3.50 0.50 |  70.8%   1.6%   4.2%   0.0%   0.0%   0.0%   1.7%  16.8%   4.2%   0.0%   0.0%   0.0%   0.7% | 10.0 21.8  9.3 26.0 35.2 20.5  8.2
 1.3 1.50  0.15   11 0.85 0.70 0.70 2.00 0.40 |  48.4%   1.6%   2.0%   0.0%   0.0%   0.2%   1.5%   9.0%   3.1%   0.1%  12.3%   0.0%  21.9% |  9.7 21.8 10.0 20.3 32.2 17.3 12.6
 1.3 1.50  0.15   11 0.85 0.70 0.70 2.00 0.50 |  47.2%   1.6%   4.2%   0.0%   0.0%   0.0%   1.6%   8.8%   3.0%   0.1%  12.0%   0.0%  21.4% | 10.0 22.0 10.0 20.4 32.2 17.3 12.6
 1.3 1.50  0.15   11 0.85 0.70 0.70 2.80 0.40 |  70.1%   1.6%   2.0%   0.0%   0.0%   0.2%   1.5%   9.0%   3.5%   0.0%   3.0%   0.0%   9.1% |  9.7 21.8 10.0 20.3 32.5 23.6  8.6
 1.3 1.50  0.15   11 0.85 0.70 0.70 2.80 0.50 |  68.5%   1.6%   4.2%   0.0%   0.0%   0.0%   1.6%   8.8%   3.4%   0.0%   2.9%   0.0%   8.8% | 10.0 22.0 10.0 20.4 32.6 23.6  8.6
 1.3 1.50  0.15   11 0.85 0.70 0.70 3.50 0.40 |  76.9%   1.6%   2.0%   0.0%   0.0%   0.2%   1.5%   9.0%   3.7%   0.0%   0.8%   0.0%   4.2% |  9.7 21.8 10.0 20.3 32.7 29.2  7.9
 1.3 1.50  0.15   11 0.85 0.70 0.70 3.50 0.50 |  75.1%   1.6%   4.2%   0.0%   0.0%   0.0%   1.6%   8.8%   3.7%   0.0%   0.8%   0.0%   4.1% | 10.0 22.0 10.0 20.4 32.7 29.2  8.0
 1.3 1.50  0.15   11 0.85 0.80 0.60 2.00 0.40 |  44.2%   1.6%   2.0%   0.0%   0.0%   0.2%   1.5%   5.1%   2.7%   1.4%  20.4%   0.0%  21.0% |  9.7 21.9 10.9 17.0 29.6 24.3 18.8
 1.3 1.50  0.15   11 0.85 0.80 0.60 2.00 0.50 |  43.1%   1.6%   4.2%   0.0%   0.0%   0.0%   1.6%   5.0%   2.6%   1.4%  19.9%   0.0%  20.5% | 10.0 22.1 10.9 17.0 29.6 24.3 18.8
 1.3 1.50  0.15   11 0.85 0.80 0.60 2.80 0.40 |  63.6%   1.6%   2.0%   0.0%   0.0%   0.2%   1.5%   5.1%   3.0%   0.5%  10.3%   0.0%  12.2% |  9.7 21.9 10.9 17.0 29.9 33.1 14.0
 1.3 1.50  0.15   11 0.85 0.80 0.60 2.80 0.50 |  62.1%   1.6%   4.2%   0.0%   0.0%   0.0%   1.6%   5.0%   3.0%   0.5%  10.1%   0.0%  11.9% | 10.0 22.1 10.9 17.0 29.9 33.1 14.1
 1.3 1.50  0.15   11 0.85 0.80 0.60 3.50 0.40 |  71.6%   1.6%   2.0%   0.0%   0.0%   0.2%   1.5%   5.1%   3.2%   0.3%   6.8%   0.0%   7.8% |  9.7 21.9 10.9 17.0 30.1 40.9 12.2
 1.3 1.50  0.15   11 0.85 0.80 0.60 3.50 0.50 |  69.9%   1.6%   4.2%   0.0%   0.0%   0.0%   1.6%   5.0%   3.1%   0.3%   6.6%   0.0%   7.6% | 10.0 22.1 10.9 17.0 30.1 40.9 12.2
 1.3 1.50  0.20    8 0.85 0.60 0.80 2.00 0.40 |  61.0%   2.8%   0.8%   0.0%   0.0%   0.0%   1.0%  10.9%   3.6%   0.0%   3.4%   0.0%  16.4% |  7.7 21.8  7.3 22.5 33.7 10.2  7.1
 1.3 1.50  0.20    8 0.85 0.60 0.80 2.00 0.50 |  59.5%   2.8%   3.0%   0.0%   0.0%   0.0%   1.0%  10.8%   3.6%   0.0%   3.3%   0.0%  16.0% |  7.8 21.9  7.3 22.6 33.8 10.2  7.1
 1.3 1.50  0.20    8 0.85 0.60 0.80 2.80 0.40 |  77.9%   2.8%   0.8%   0.0%   0.0%   0.0%   1.0%  10.9%   4.0%   0.0%   0.1%   0.0%   2.4% |  7.7 21.8  7.3 22.5 34.1 14.0  7.7
 1.3 1.50  0.20    8 0.85 0.60 0.80 2.80 0.50 |  75.9%   2.8%   3.0%   0.0%   0.0%   0.0%   1.0%  10.8%   4.0%   0.0%   0.1%   0.0%   2.3% |  7.8 21.9  7.3 22.6 34.2 14.0  7.8
 1.3 1.50  0.20    8 0.85 0.60 0.80 3.50 0.40 |  79.8%   2.8%   0.8%   0.0%   0.0%   0.0%   1.0%  10.9%   4.3%   0.0%   0.0%   0.0%   0.3% |  7.7 21.8  7.3 22.5 34.3 17.4  9.8
 1.3 1.50  0.20    8 0.85 0.60 0.80 3.50 0.50 |  77.8%   2.8%   3.0%   0.0%   0.0%   0.0%   1.0%  10.8%   4.2%   0.0%   0.0%   0.0%   0.3% |  7.8 21.9  7.3 22.6 34.4 17.4  9.9
 1.3 1.50  0.20    8 0.85 0.70 0.70 2.00 0.40 |  62.3%   2.8%   0.8%   0.0%   0.0%   0.0%   1.0%   4.4%   2.7%   0.0%   6.8%   0.0%  19.1% |  7.7 21.9  7.9 17.2 30.2 14.3 10.5
 1.3 1.50  0.20    8 0.85 0.70 0.70 2.00 0.50 |  60.8%   2.8%   3.0%   0.0%   0.0%   0.0%   1.0%   4.4%   2.7%   0.0%   6.6%   0.0%  18.7% |  7.8 22.1  7.9 17.2 30.3 14.3 10.5
 1.3 1.50  0.20    8 0.85 0.70 0.70 2.80 0.40 |  81.0%   2.8%   0.8%   0.0%   0.0%   0.0%   1.0%   4.4%   3.0%   0.0%   1.2%   0.0%   5.7% |  7.7 21.9  7.9 17.2 30.6 19.6  8.2
 1.3 1.50  0.20    8 0.85 0.70 0.70 2.80 0.50 |  79.0%   2.8%   3.0%   0.0%   0.0%   0.0%   1.0%   4.4%   3.0%   0.0%   1.2%   0.0%   5.5% |  7.8 22.1  7.9 17.2 30.7 19.6  8.3
 1.3 1.50  0.20    8 0.85 0.70 0.70 3.50 0.40 |  85.4%   2.8%   0.8%   0.0%   0.0%   0.0%   1.0%   4.4%   3.2%   0.0%   0.3%   0.0%   2.0% |  7.7 21.9  7.9 17.2 30.7 24.4  8.6
 1.3 1.50  0.20    8 0.85 0.70 0.70 3.50 0.50 |  83.3%   2.8%   3.0%   0.0%   0.0%   0.0%   1.0%   4.4%   3.2%   0.0%   0.3%   0.0%   2.0% |  7.8 22.1  7.9 17.2 30.9 24.4  8.7
 1.3 1.50  0.20    8 0.85 0.80 0.60 2.00 0.40 |  58.9%   2.8%   0.8%   0.0%   0.0%   0.0%   1.0%   2.4%   1.7%   0.6%  11.8%   0.0%  20.0% |  7.7 22.0  8.6 14.3 26.6 19.7 15.3
 1.3 1.50  0.20    8 0.85 0.80 0.60 2.00 0.50 |  57.4%   2.8%   3.0%   0.0%   0.0%   0.0%   1.0%   2.4%   1.7%   0.6%  11.5%   0.0%  19.6% |  7.8 22.2  8.6 14.4 26.7 19.7 15.3
 1.3 1.50  0.20    8 0.85 0.80 0.60 2.80 0.40 |  76.7%   2.8%   0.8%   0.0%   0.0%   0.0%   1.0%   2.4%   1.9%   0.2%   4.7%   0.0%   9.4% |  7.7 22.0  8.6 14.3 26.8 27.1 11.8
 1.3 1.50  0.20    8 0.85 0.80 0.60 2.80 0.50 |  74.9%   2.8%   3.0%   0.0%   0.0%   0.0%   1.0%   2.4%   1.9%   0.2%   4.6%   0.0%   9.2% |  7.8 22.2  8.6 14.4 26.9 27.1 11.9
 1.3 1.50  0.20    8 0.85 0.80 0.60 3.50 0.40 |  83.0%   2.8%   0.8%   0.0%   0.0%   0.0%   1.0%   2.4%   2.0%   0.1%   2.7%   0.0%   5.0% |  7.7 22.0  8.6 14.3 27.0 33.7 10.8
 1.3 1.50  0.20    8 0.85 0.80 0.60 3.50 0.50 |  81.0%   2.8%   3.0%   0.0%   0.0%   0.0%   1.0%   2.4%   2.0%   0.1%   2.7%   0.0%   4.8% |  7.8 22.2  8.6 14.4 27.1 33.7 10.8
 1.3 1.50  0.25    7 0.85 0.60 0.80 2.00 0.50 |  64.6%   4.4%   1.4%   0.0%   0.0%   0.0%   0.7%   9.5%   3.8%   0.0%   2.3%   0.0%  13.3% |  6.4 23.7  6.5 21.9 34.6  8.8  6.6
 1.3 1.50  0.25    7 0.85 0.60 0.80 2.80 0.50 |  78.4%   4.4%   1.4%   0.0%   0.0%   0.0%   0.7%   9.5%   4.3%   0.0%   0.1%   0.0%   1.3% |  6.4 23.7  6.5 21.9 35.0 12.2  9.1
 1.3 1.50  0.25    7 0.85 0.60 0.80 3.50 0.50 |  79.3%   4.4%   1.4%   0.0%   0.0%   0.0%   0.7%   9.5%   4.5%   0.1%   0.0%   0.0%   0.1% |  6.4 23.7  6.5 21.9 35.2 15.1 11.6
 1.3 1.50  0.25    7 0.85 0.70 0.70 2.00 0.50 |  68.5%   4.4%   1.4%   0.0%   0.0%   0.0%   0.7%   3.2%   2.3%   0.0%   4.0%   0.0%  15.5% |  6.4 23.8  7.0 16.2 30.0 12.2  9.1
 1.3 1.50  0.25    7 0.85 0.70 0.70 2.80 0.50 |  83.9%   4.4%   1.4%   0.0%   0.0%   0.0%   0.7%   3.2%   2.6%   0.0%   0.6%   0.0%   3.3% |  6.4 23.8  7.0 16.2 30.4 16.9  8.6
 1.3 1.50  0.25    7 0.85 0.70 0.70 3.50 0.50 |  86.5%   4.4%   1.4%   0.0%   0.0%   0.0%   0.7%   3.2%   2.7%   0.0%   0.2%   0.0%   0.9% |  6.4 23.8  7.0 16.2 30.5 21.0  9.8
 1.3 1.50  0.25    7 0.85 0.80 0.60 2.00 0.50 |  67.1%   4.4%   1.4%   0.0%   0.0%   0.0%   0.7%   1.7%   1.2%   0.3%   6.6%   0.0%  16.4% |  6.4 23.9  7.6 13.8 25.5 16.9 13.2
 1.3 1.50  0.25    7 0.85 0.80 0.60 2.80 0.50 |  81.9%   4.4%   1.4%   0.0%   0.0%   0.0%   0.7%   1.7%   1.4%   0.2%   2.2%   0.0%   6.0% |  6.4 23.9  7.6 13.8 25.7 23.3 10.9
 1.3 1.50  0.25    7 0.85 0.80 0.60 3.50 0.50 |  86.0%   4.4%   1.4%   0.0%   0.0%   0.0%   0.7%   1.7%   1.5%   0.1%   1.3%   0.0%   2.8% |  6.4 23.9  7.6 13.8 25.9 29.0 10.5
 1.3 1.80  0.15   13 0.55 0.60 0.80 2.00 0.40 |  27.9%   1.6%   2.0%   0.0%   0.0%   0.2%   2.1%  32.4%   2.1%   0.0%  13.0%   0.0%  18.6% | 11.4 18.0 63.6 1483347408.4 34.7 19.0 13.7
 1.3 1.80  0.15   13 0.55 0.60 0.80 2.00 0.50 |  27.2%   1.6%   4.2%   0.0%   0.0%   0.0%   2.2%  31.7%   2.1%   0.0%  12.7%   0.0%  18.2% | 11.7 18.0 64.0 1500735734.1 34.7 19.0 13.7
 1.3 1.80  0.15   13 0.55 0.60 0.80 2.80 0.40 |  47.3%   1.6%   2.0%   0.0%   0.0%   0.2%   2.1%  32.4%   2.5%   0.0%   2.5%   0.0%   9.4% | 11.4 18.0 63.6 1483347408.4 35.0 25.8  8.5
 1.3 1.80  0.15   13 0.55 0.60 0.80 2.80 0.50 |  46.2%   1.6%   4.2%   0.0%   0.0%   0.0%   2.2%  31.7%   2.4%   0.0%   2.4%   0.0%   9.2% | 11.7 18.0 64.0 1500735734.1 35.0 25.8  8.5
 1.3 1.80  0.15   13 0.55 0.60 0.80 3.50 0.40 |  54.3%   1.6%   2.0%   0.0%   0.0%   0.2%   2.1%  32.4%   2.7%   0.0%   0.3%   0.0%   4.4% | 11.4 18.0 63.6 1483347408.4 35.1 31.7  7.3
 1.3 1.80  0.15   13 0.55 0.60 0.80 3.50 0.50 |  53.0%   1.6%   4.2%   0.0%   0.0%   0.0%   2.2%  31.7%   2.6%   0.0%   0.3%   0.0%   4.3% | 11.7 18.0 64.0 1500735734.1 35.1 31.7  7.3
 1.3 1.80  0.15   13 0.55 0.70 0.70 2.00 0.40 |  24.8%   1.6%   2.0%   0.0%   0.0%   0.2%   1.9%  24.8%   2.0%   2.4%  23.9%   0.0%  16.3% | 11.4 18.1 85.9 1265871366.6 33.6 28.5 22.1
 1.3 1.80  0.15   13 0.55 0.70 0.70 2.00 0.50 |  24.2%   1.6%   4.2%   0.0%   0.0%   0.0%   2.1%  24.3%   2.0%   2.3%  23.3%   0.0%  15.9% | 11.7 18.2 86.8 1280689401.9 33.6 28.5 22.1
 1.3 1.80  0.15   13 0.55 0.70 0.70 2.80 0.40 |  41.4%   1.6%   2.0%   0.0%   0.0%   0.2%   1.9%  24.8%   2.4%   0.6%  14.0%   0.0%  11.0% | 11.4 18.1 85.9 1265871366.6 33.9 38.4 15.9
 1.3 1.80  0.15   13 0.55 0.70 0.70 2.80 0.50 |  40.5%   1.6%   4.2%   0.0%   0.0%   0.0%   2.1%  24.3%   2.3%   0.6%  13.6%   0.0%  10.7% | 11.7 18.2 86.8 1280689401.9 33.9 38.4 15.9
 1.3 1.80  0.15   13 0.55 0.70 0.70 3.50 0.40 |  49.5%   1.6%   2.0%   0.0%   0.0%   0.2%   1.9%  24.8%   2.6%   0.2%   9.2%   0.0%   7.9% | 11.4 18.1 85.9 1265871366.6 34.0 47.1 13.3
 1.3 1.80  0.15   13 0.55 0.70 0.70 3.50 0.50 |  48.3%   1.6%   4.2%   0.0%   0.0%   0.0%   2.1%  24.3%   2.5%   0.2%   9.0%   0.0%   7.7% | 11.7 18.2 86.8 1280689401.9 34.0 47.1 13.3
 1.3 1.80  0.15   13 0.55 0.80 0.60 2.00 0.40 |  20.2%   1.6%   2.0%   0.0%   0.0%   0.2%   1.8%  19.7%   1.8%  11.6%  28.3%   0.0%  12.8% | 11.4 18.2 62.0 941472384.5 32.4 43.1 35.1
 1.3 1.80  0.15   13 0.55 0.80 0.60 2.00 0.50 |  19.7%   1.6%   4.2%   0.0%   0.0%   0.0%   1.9%  19.3%   1.8%  11.3%  27.6%   0.0%  12.5% | 11.7 18.3 62.4 952510274.8 32.4 43.1 35.1
 1.3 1.80  0.15   13 0.55 0.80 0.60 2.80 0.40 |  31.8%   1.6%   2.0%   0.0%   0.0%   0.2%   1.8%  19.7%   2.1%   7.1%  23.1%   0.0%  10.4% | 11.4 18.2 62.0 941472384.5 32.7 57.4 28.2
 1.3 1.80  0.15   13 0.55 0.80 0.60 2.80 0.50 |  31.1%   1.6%   4.2%   0.0%   0.0%   0.0%   1.9%  19.3%   2.1%   6.9%  22.6%   0.0%  10.2% | 11.7 18.3 62.4 952510274.8 32.7 57.4 28.2
 1.3 1.80  0.15   13 0.55 0.80 0.60 3.50 0.40 |  38.2%   1.6%   2.0%   0.0%   0.0%   0.2%   1.8%  19.7%   2.3%   5.3%  20.9%   0.0%   7.9% | 11.4 18.2 62.0 941472384.5 32.8 70.0 25.0
 1.3 1.80  0.15   13 0.55 0.80 0.60 3.50 0.50 |  37.3%   1.6%   4.2%   0.0%   0.0%   0.0%   1.9%  19.3%   2.2%   5.2%  20.4%   0.0%   7.7% | 11.7 18.3 62.4 952510274.8 32.8 70.0 25.0
 1.3 1.80  0.20   10 0.55 0.60 0.80 2.00 0.40 |  40.9%   3.0%   0.6%   0.0%   0.0%   0.1%   1.2%  19.1%   2.3%   0.0%  11.2%   0.0%  21.5% |  9.0 16.1 777.9 1214625045.2 33.0 17.0 12.3
 1.3 1.80  0.20   10 0.55 0.60 0.80 2.00 0.50 |  39.9%   3.0%   2.8%   0.0%   0.0%   0.0%   1.2%  18.7%   2.3%   0.0%  10.9%   0.0%  21.0% |  9.1 16.2 786.9 1142046603.1 33.0 17.0 12.3
 1.3 1.80  0.20   10 0.55 0.60 0.80 2.80 0.40 |  62.5%   3.0%   0.6%   0.0%   0.0%   0.1%   1.2%  19.1%   2.7%   0.0%   2.0%   0.0%   8.8% |  9.0 16.1 777.9 1214625045.2 33.2 23.2  8.1
 1.3 1.80  0.20   10 0.55 0.60 0.80 2.80 0.50 |  61.1%   3.0%   2.8%   0.0%   0.0%   0.0%   1.2%  18.7%   2.6%   0.0%   1.9%   0.0%   8.6% |  9.1 16.2 786.9 1142046603.1 33.3 23.2  8.1
 1.3 1.80  0.20   10 0.55 0.60 0.80 3.50 0.40 |  69.2%   3.0%   0.6%   0.0%   0.0%   0.1%   1.2%  19.1%   2.9%   0.0%   0.4%   0.0%   3.5% |  9.0 16.1 777.9 1214625045.2 33.4 28.6  7.6
 1.3 1.80  0.20   10 0.55 0.60 0.80 3.50 0.50 |  67.5%   3.0%   2.8%   0.0%   0.0%   0.0%   1.2%  18.7%   2.9%   0.0%   0.4%   0.0%   3.4% |  9.1 16.2 786.9 1142046603.1 33.4 28.6  7.6
 1.3 1.80  0.20   10 0.55 0.70 0.70 2.00 0.40 |  37.0%   3.0%   0.6%   0.0%   0.0%   0.1%   1.2%  13.4%   2.0%   1.4%  20.9%   0.0%  20.4% |  9.0 16.2 33.0 917616388.9 31.3 24.5 18.9
 1.3 1.80  0.20   10 0.55 0.70 0.70 2.00 0.50 |  36.2%   3.0%   2.8%   0.0%   0.0%   0.0%   1.2%  13.1%   1.9%   1.4%  20.4%   0.0%  19.9% |  9.1 16.2 33.3 928358388.5 31.3 24.5 18.9
 1.3 1.80  0.20   10 0.55 0.70 0.70 2.80 0.40 |  57.1%   3.0%   0.6%   0.0%   0.0%   0.1%   1.2%  13.4%   2.3%   0.5%  10.2%   0.0%  11.7% |  9.0 16.2 33.0 917616388.9 31.5 33.3 13.6
 1.3 1.80  0.20   10 0.55 0.70 0.70 2.80 0.50 |  55.8%   3.0%   2.8%   0.0%   0.0%   0.0%   1.2%  13.1%   2.3%   0.5%   9.9%   0.0%  11.4% |  9.1 16.2 33.3 928358388.5 31.5 33.3 13.6
 1.3 1.80  0.20   10 0.55 0.70 0.70 3.50 0.40 |  65.4%   3.0%   0.6%   0.0%   0.0%   0.1%   1.2%  13.4%   2.5%   0.2%   6.0%   0.0%   7.6% |  9.0 16.2 33.0 917616388.9 31.7 41.0 11.6
 1.3 1.80  0.20   10 0.55 0.70 0.70 3.50 0.50 |  63.9%   3.0%   2.8%   0.0%   0.0%   0.0%   1.2%  13.1%   2.5%   0.2%   5.8%   0.0%   7.4% |  9.1 16.2 33.3 928358388.5 31.7 41.0 11.6
 1.3 1.80  0.20   10 0.55 0.80 0.60 2.00 0.40 |  30.7%   3.0%   0.6%   0.0%   0.0%   0.1%   1.1%  10.2%   1.7%   7.3%  27.8%   0.0%  17.4% |  9.0 16.2 91.0 476673905.2 29.6 35.4 28.5
 1.3 1.80  0.20   10 0.55 0.80 0.60 2.00 0.50 |  30.0%   3.0%   2.8%   0.0%   0.0%   0.0%   1.1%  10.0%   1.7%   7.1%  27.2%   0.0%  17.0% |  9.1 16.3 92.0 482254825.9 29.6 35.4 28.5
 1.3 1.80  0.20   10 0.55 0.80 0.60 2.80 0.40 |  46.1%   3.0%   0.6%   0.0%   0.0%   0.1%   1.1%  10.2%   2.1%   4.1%  20.0%   0.0%  12.8% |  9.0 16.2 91.0 476673905.2 29.8 47.6 22.8
 1.3 1.80  0.20   10 0.55 0.80 0.60 2.80 0.50 |  45.1%   3.0%   2.8%   0.0%   0.0%   0.0%   1.1%  10.0%   2.0%   4.0%  19.5%   0.0%  12.5% |  9.1 16.3 92.0 482254825.9 29.9 47.6 22.8
 1.3 1.80  0.20   10 0.55 0.80 0.60 3.50 0.40 |  54.0%   3.0%   0.6%   0.0%   0.0%   0.1%   1.1%  10.2%   2.2%   3.0%  17.0%   0.0%   8.9% |  9.0 16.2 91.0 476673905.2 30.0 58.5 20.2
 1.3 1.80  0.20   10 0.55 0.80 0.60 3.50 0.50 |  52.7%   3.0%   2.8%   0.0%   0.0%   0.0%   1.1%  10.0%   2.1%   2.9%  16.5%   0.0%   8.7% |  9.1 16.3 92.0 482254825.9 30.0 58.5 20.2
 1.3 1.80  0.25    8 0.55 0.60 0.80 2.00 0.50 |  50.7%   4.6%   1.2%   0.0%   0.0%   0.0%   0.8%  11.9%   2.3%   0.0%   8.2%   0.0%  20.3% |  7.5 15.9 34.4 913059270.7 31.6 15.1 10.8
 1.3 1.80  0.25    8 0.55 0.60 0.80 2.80 0.50 |  70.9%   4.6%   1.2%   0.0%   0.0%   0.0%   0.8%  11.9%   2.6%   0.0%   1.2%   0.0%   6.8% |  7.5 15.9 34.4 913059270.7 31.9 20.6  7.9
 1.3 1.80  0.25    8 0.55 0.60 0.80 3.50 0.50 |  76.2%   4.6%   1.2%   0.0%   0.0%   0.0%   0.8%  11.9%   2.8%   0.0%   0.2%   0.0%   2.2% |  7.5 15.9 34.4 913059270.7 32.1 25.5  8.1
 1.3 1.80  0.25    8 0.55 0.70 0.70 2.00 0.50 |  47.0%   4.6%   1.2%   0.0%   0.0%   0.0%   0.7%   7.8%   1.9%   0.8%  15.3%   0.0%  20.7% |  7.5 16.0 28.6 822153691.9 29.3 21.2 16.3
 1.3 1.80  0.25    8 0.55 0.70 0.70 2.80 0.50 |  66.6%   4.6%   1.2%   0.0%   0.0%   0.0%   0.7%   7.8%   2.2%   0.3%   6.3%   0.0%  10.3% |  7.5 16.0 28.6 822153691.9 29.6 29.0 12.0
 1.3 1.80  0.25    8 0.55 0.70 0.70 3.50 0.50 |  73.8%   4.6%   1.2%   0.0%   0.0%   0.0%   0.7%   7.8%   2.4%   0.1%   3.4%   0.0%   6.0% |  7.5 16.0 28.6 822153691.9 29.7 35.8 10.5
 1.3 1.80  0.25    8 0.55 0.80 0.60 2.00 0.50 |  40.2%   4.6%   1.2%   0.0%   0.0%   0.0%   0.7%   5.7%   1.5%   4.1%  22.9%   0.0%  19.0% |  7.5 16.1 27.4 457872742.0 27.3 30.0 24.0
 1.3 1.80  0.25    8 0.55 0.80 0.60 2.80 0.50 |  56.7%   4.6%   1.2%   0.0%   0.0%   0.0%   0.7%   5.7%   1.8%   2.3%  14.5%   0.0%  12.5% |  7.5 16.1 27.4 457872742.0 27.5 40.7 19.2
 1.3 1.80  0.25    8 0.55 0.80 0.60 3.50 0.50 |  64.3%   4.6%   1.2%   0.0%   0.0%   0.0%   0.7%   5.7%   1.9%   1.7%  11.4%   0.0%   8.5% |  7.5 16.1 27.4 457872742.0 27.6 50.2 17.1
 1.8 1.20  0.15    9 1.65 0.60 0.80 2.00 0.40 |  48.2%   1.4%   2.2%   0.0%   0.0%   0.2%   9.2%  19.3%   8.4%   0.0%   1.3%   0.0%   9.8% |  8.0 37.9  3.3 27.2 42.1  5.6  5.1
 1.8 1.20  0.15    9 1.65 0.60 0.80 2.00 0.50 |  46.6%   1.4%   4.4%   0.0%   0.0%   0.0%   9.3%  19.2%   8.3%   0.0%   1.3%   0.0%   9.5% |  8.2 38.3  3.3 27.4 42.4  5.6  5.1
 1.8 1.20  0.15    9 1.65 0.60 0.80 2.80 0.40 |  58.1%   1.4%   2.2%   0.0%   0.0%   0.2%   9.2%  19.3%   9.2%   0.3%   0.0%   0.0%   0.1% |  8.0 37.9  3.3 27.2 42.9  7.7 11.0
 1.8 1.20  0.15    9 1.65 0.60 0.80 2.80 0.50 |  56.2%   1.4%   4.4%   0.0%   0.0%   0.0%   9.3%  19.2%   9.1%   0.3%   0.0%   0.0%   0.1% |  8.2 38.3  3.3 27.4 43.2  7.7 11.1
 1.8 1.20  0.15    9 1.65 0.60 0.80 3.50 0.40 |  57.6%   1.4%   2.2%   0.0%   0.0%   0.2%   9.2%  19.3%   9.6%   0.5%   0.0%   0.0%   0.0% |  8.0 37.9  3.3 27.2 43.4  9.6 14.5
 1.8 1.20  0.15    9 1.65 0.60 0.80 3.50 0.50 |  55.7%   1.4%   4.4%   0.0%   0.0%   0.0%   9.3%  19.2%   9.5%   0.5%   0.0%   0.0%   0.0% |  8.2 38.3  3.3 27.4 43.7  9.6 14.6
 1.8 1.20  0.15    9 1.65 0.70 0.70 2.00 0.40 |  61.8%   1.4%   2.2%   0.0%   0.0%   0.2%   9.3%   4.8%   4.2%   0.0%   2.5%   0.0%  13.6% |  8.0 38.0  3.6 17.1 36.4  7.6  5.7
 1.8 1.20  0.15    9 1.65 0.70 0.70 2.00 0.50 |  60.1%   1.4%   4.4%   0.0%   0.0%   0.0%   9.4%   4.8%   4.2%   0.0%   2.4%   0.0%  13.3% |  8.2 38.4  3.6 17.2 36.6  7.6  5.8
 1.8 1.20  0.15    9 1.65 0.70 0.70 2.80 0.40 |  76.0%   1.4%   2.2%   0.0%   0.0%   0.2%   9.3%   4.8%   5.0%   0.2%   0.0%   0.0%   0.9% |  8.0 38.0  3.6 17.1 36.9 10.5  9.5
 1.8 1.20  0.15    9 1.65 0.70 0.70 2.80 0.50 |  73.9%   1.4%   4.4%   0.0%   0.0%   0.0%   9.4%   4.8%   5.0%   0.2%   0.0%   0.0%   0.9% |  8.2 38.4  3.6 17.2 37.1 10.5  9.6
 1.8 1.20  0.15    9 1.65 0.70 0.70 3.50 0.40 |  76.3%   1.4%   2.2%   0.0%   0.0%   0.2%   9.3%   4.8%   5.4%   0.3%   0.0%   0.0%   0.1% |  8.0 38.0  3.6 17.1 37.2 13.1 12.5
 1.8 1.20  0.15    9 1.65 0.70 0.70 3.50 0.50 |  74.2%   1.4%   4.4%   0.0%   0.0%   0.0%   9.4%   4.8%   5.4%   0.3%   0.0%   0.0%   0.1% |  8.2 38.4  3.6 17.2 37.4 13.1 12.6
 1.8 1.20  0.15    9 1.65 0.80 0.60 2.00 0.40 |  67.9%   1.4%   2.2%   0.0%   0.0%   0.2%   9.5%   2.6%   0.8%   0.0%   2.8%   0.0%  12.5% |  8.0 38.1  4.0 15.4 29.2 10.4  7.7
 1.8 1.20  0.15    9 1.65 0.80 0.60 2.00 0.50 |  66.1%   1.4%   4.4%   0.0%   0.0%   0.0%   9.5%   2.6%   0.8%   0.0%   2.8%   0.0%  12.2% |  8.2 38.5  4.0 15.5 29.4 10.4  7.7
 1.8 1.20  0.15    9 1.65 0.80 0.60 2.80 0.40 |  80.7%   1.4%   2.2%   0.0%   0.0%   0.2%   9.5%   2.6%   1.1%   0.0%   0.3%   0.0%   2.0% |  8.0 38.1  4.0 15.4 29.6 14.4  8.3
 1.8 1.20  0.15    9 1.65 0.80 0.60 2.80 0.50 |  78.6%   1.4%   4.4%   0.0%   0.0%   0.0%   9.5%   2.6%   1.1%   0.0%   0.3%   0.0%   2.0% |  8.2 38.5  4.0 15.5 29.7 14.4  8.4
 1.8 1.20  0.15    9 1.65 0.80 0.60 3.50 0.40 |  82.3%   1.4%   2.2%   0.0%   0.0%   0.2%   9.5%   2.6%   1.3%   0.0%   0.1%   0.0%   0.4% |  8.0 38.1  4.0 15.4 29.7 18.0 10.0
 1.8 1.20  0.15    9 1.65 0.80 0.60 3.50 0.50 |  80.2%   1.4%   4.4%   0.0%   0.0%   0.0%   9.5%   2.6%   1.3%   0.0%   0.1%   0.0%   0.4% |  8.2 38.5  4.0 15.5 29.9 18.0 10.2
 1.8 1.20  0.20    7 1.65 0.60 0.80 2.00 0.40 |  40.9%   2.6%   1.0%   0.0%   0.0%   0.0%  15.7%  21.5%   9.1%   0.1%   0.9%   0.0%   8.2% |  6.4 42.7  2.7 29.3 44.8  4.8  5.7
 1.8 1.20  0.20    7 1.65 0.60 0.80 2.00 0.50 |  39.0%   2.6%   3.2%   0.0%   0.0%   0.0%  15.6%  21.4%   9.0%   0.1%   0.9%   0.0%   8.0% |  6.4 43.1  2.7 29.6 45.3  4.8  5.8
 1.8 1.20  0.20    7 1.65 0.60 0.80 2.80 0.40 |  48.6%   2.6%   1.0%   0.0%   0.0%   0.0%  15.7%  21.5%  10.1%   0.4%   0.0%   0.0%   0.0% |  6.4 42.7  2.7 29.3 45.7  6.7 12.8
 1.8 1.20  0.20    7 1.65 0.60 0.80 2.80 0.50 |  46.6%   2.6%   3.2%   0.0%   0.0%   0.0%  15.6%  21.4%  10.1%   0.4%   0.0%   0.0%   0.0% |  6.4 43.1  2.7 29.6 46.2  6.8 13.1
 1.8 1.20  0.20    7 1.65 0.60 0.80 3.50 0.40 |  47.8%   2.6%   1.0%   0.0%   0.0%   0.0%  15.7%  21.5%  10.7%   0.7%   0.0%   0.0%   0.0% |  6.4 42.7  2.7 29.3 46.3  8.4 16.7
 1.8 1.20  0.20    7 1.65 0.60 0.80 3.50 0.50 |  45.7%   2.6%   3.2%   0.0%   0.0%   0.0%  15.6%  21.4%  10.6%   0.7%   0.0%   0.0%   0.0% |  6.4 43.1  2.7 29.6 46.8  8.4 17.0
 1.8 1.20  0.20    7 1.65 0.70 0.70 2.00 0.40 |  59.3%   2.6%   1.0%   0.0%   0.0%   0.0%  16.0%   5.0%   2.9%   0.0%   1.7%   0.0%  11.4% |  6.4 42.8  2.9 17.7 37.7  6.3  5.9
 1.8 1.20  0.20    7 1.65 0.70 0.70 2.00 0.50 |  57.3%   2.6%   3.2%   0.0%   0.0%   0.0%  16.0%   5.0%   2.9%   0.0%   1.7%   0.0%  11.2% |  6.4 43.2  2.9 17.9 38.0  6.3  5.9
 1.8 1.20  0.20    7 1.65 0.70 0.70 2.80 0.40 |  70.9%   2.6%   1.0%   0.0%   0.0%   0.0%  16.0%   5.0%   3.7%   0.4%   0.0%   0.0%   0.3% |  6.4 42.8  2.9 17.7 38.2  8.8 11.6
 1.8 1.20  0.20    7 1.65 0.70 0.70 2.80 0.50 |  68.8%   2.6%   3.2%   0.0%   0.0%   0.0%  16.0%   5.0%   3.7%   0.4%   0.0%   0.0%   0.3% |  6.4 43.2  2.9 17.9 38.6  8.8 11.7
 1.8 1.20  0.20    7 1.65 0.70 0.70 3.50 0.40 |  70.5%   2.6%   1.0%   0.0%   0.0%   0.0%  16.0%   5.0%   4.1%   0.6%   0.0%   0.0%   0.0% |  6.4 42.8  2.9 17.7 38.5 11.0 15.1
 1.8 1.20  0.20    7 1.65 0.70 0.70 3.50 0.50 |  68.4%   2.6%   3.2%   0.0%   0.0%   0.0%  16.0%   5.0%   4.1%   0.6%   0.0%   0.0%   0.0% |  6.4 43.2  2.9 17.9 38.9 11.0 15.3
 1.8 1.20  0.20    7 1.65 0.80 0.60 2.00 0.40 |  66.9%   2.6%   1.0%   0.0%   0.0%   0.0%  16.3%   4.0%   0.2%   0.0%   1.2%   0.0%   7.7% |  6.4 42.9  3.2 17.3 29.4  8.7  7.1
 1.8 1.20  0.20    7 1.65 0.80 0.60 2.00 0.50 |  64.8%   2.6%   3.2%   0.0%   0.0%   0.0%  16.3%   4.0%   0.2%   0.0%   1.2%   0.0%   7.6% |  6.4 43.3  3.2 17.5 29.6  8.7  7.1
 1.8 1.20  0.20    7 1.65 0.80 0.60 2.80 0.40 |  74.8%   2.6%   1.0%   0.0%   0.0%   0.0%  16.3%   4.0%   0.4%   0.0%   0.1%   0.0%   0.7% |  6.4 42.9  3.2 17.3 29.7 12.0  9.7
 1.8 1.20  0.20    7 1.65 0.80 0.60 2.80 0.50 |  72.7%   2.6%   3.2%   0.0%   0.0%   0.0%  16.3%   4.0%   0.4%   0.0%   0.1%   0.0%   0.7% |  6.4 43.3  3.2 17.5 30.0 12.0  9.8
 1.8 1.20  0.20    7 1.65 0.80 0.60 3.50 0.40 |  75.4%   2.6%   1.0%   0.0%   0.0%   0.0%  16.3%   4.0%   0.4%   0.0%   0.1%   0.0%   0.2% |  6.4 42.9  3.2 17.3 29.9 15.0 12.1
 1.8 1.20  0.20    7 1.65 0.80 0.60 3.50 0.50 |  73.2%   2.6%   3.2%   0.0%   0.0%   0.0%  16.3%   4.0%   0.4%   0.0%   0.1%   0.0%   0.2% |  6.4 43.3  3.2 17.5 30.1 15.0 12.2
 1.8 1.20  0.25    6 1.65 0.60 0.80 2.00 0.50 |  28.7%   4.0%   1.8%   0.0%   0.0%   0.0%  28.3%  21.2%   8.1%   0.1%   0.7%   0.0%   7.0% |  5.4 48.9  2.4 31.6 47.5  4.4  6.2
 1.8 1.20  0.25    6 1.65 0.60 0.80 2.80 0.50 |  34.8%   4.0%   1.8%   0.0%   0.0%   0.0%  28.3%  21.2%   9.2%   0.6%   0.0%   0.0%   0.0% |  5.4 48.9  2.4 31.6 48.6  6.2 14.3
 1.8 1.20  0.25    6 1.65 0.60 0.80 3.50 0.50 |  33.9%   4.0%   1.8%   0.0%   0.0%   0.0%  28.3%  21.2%   9.8%   0.9%   0.0%   0.0%   0.0% |  5.4 48.9  2.4 31.6 49.1  7.7 18.4
 1.8 1.20  0.25    6 1.65 0.70 0.70 2.00 0.50 |  47.6%   4.0%   1.8%   0.0%   0.0%   0.0%  28.6%   5.2%   2.0%   0.1%   1.1%   0.0%   9.6% |  5.4 49.1  2.7 19.0 39.5  5.7  6.2
 1.8 1.20  0.25    6 1.65 0.70 0.70 2.80 0.50 |  57.0%   4.0%   1.8%   0.0%   0.0%   0.0%  28.6%   5.2%   2.6%   0.5%   0.0%   0.0%   0.2% |  5.4 49.1  2.7 19.0 40.1  7.9 13.1
 1.8 1.20  0.25    6 1.65 0.70 0.70 3.50 0.50 |  56.3%   4.0%   1.8%   0.0%   0.0%   0.0%  28.6%   5.2%   3.0%   0.9%   0.0%   0.0%   0.0% |  5.4 49.1  2.7 19.0 40.4  9.8 17.0
 1.8 1.20  0.25    6 1.65 0.80 0.60 2.00 0.50 |  54.8%   4.0%   1.8%   0.0%   0.0%   0.0%  29.0%   5.1%   0.1%   0.0%   0.6%   0.0%   4.5% |  5.4 49.3  2.9 19.2 30.3  7.8  7.0
 1.8 1.20  0.25    6 1.65 0.80 0.60 2.80 0.50 |  59.4%   4.0%   1.8%   0.0%   0.0%   0.0%  29.0%   5.1%   0.2%   0.0%   0.2%   0.0%   0.3% |  5.4 49.3  2.9 19.2 30.6 10.9 10.8
 1.8 1.20  0.25    6 1.65 0.80 0.60 3.50 0.50 |  59.6%   4.0%   1.8%   0.0%   0.0%   0.0%  29.0%   5.1%   0.2%   0.0%   0.1%   0.0%   0.1% |  5.4 49.3  2.9 19.2 30.8 13.5 13.5
 1.8 1.35  0.15   10 1.50 0.60 0.80 2.00 0.40 |  52.5%   1.6%   2.0%   0.0%   0.0%   0.2%   5.2%  18.1%   7.2%   0.0%   1.7%   0.0%  11.5% |  8.9 33.4  4.1 25.6 39.9  6.6  5.0
 1.8 1.35  0.15   10 1.50 0.60 0.80 2.00 0.50 |  50.9%   1.6%   4.2%   0.0%   0.0%   0.0%   5.2%  17.9%   7.1%   0.0%   1.7%   0.0%  11.2% |  9.1 33.7  4.1 25.7 40.1  6.6  5.1
 1.8 1.35  0.15   10 1.50 0.60 0.80 2.80 0.40 |  64.5%   1.6%   2.0%   0.0%   0.0%   0.2%   5.2%  18.1%   7.9%   0.2%   0.0%   0.0%   0.4% |  8.9 33.4  4.1 25.6 40.6  9.1  9.7
 1.8 1.35  0.15   10 1.50 0.60 0.80 2.80 0.50 |  62.6%   1.6%   4.2%   0.0%   0.0%   0.0%   5.2%  17.9%   7.8%   0.2%   0.0%   0.0%   0.4% |  9.1 33.7  4.1 25.7 40.8  9.1  9.8
 1.8 1.35  0.15   10 1.50 0.60 0.80 3.50 0.40 |  64.3%   1.6%   2.0%   0.0%   0.0%   0.2%   5.2%  18.1%   8.3%   0.3%   0.0%   0.0%   0.0% |  8.9 33.4  4.1 25.6 41.0 11.3 12.9
 1.8 1.35  0.15   10 1.50 0.60 0.80 3.50 0.50 |  62.4%   1.6%   4.2%   0.0%   0.0%   0.0%   5.2%  17.9%   8.2%   0.3%   0.0%   0.0%   0.0% |  9.1 33.7  4.1 25.7 41.2 11.3 13.1
 1.8 1.35  0.15   10 1.50 0.70 0.70 2.00 0.40 |  62.4%   1.6%   2.0%   0.0%   0.0%   0.2%   5.2%   4.7%   4.9%   0.0%   3.3%   0.0%  15.6% |  8.9 33.5  4.5 16.8 35.5  9.2  6.4
 1.8 1.35  0.15   10 1.50 0.70 0.70 2.00 0.50 |  60.8%   1.6%   4.2%   0.0%   0.0%   0.0%   5.3%   4.6%   4.9%   0.0%   3.2%   0.0%  15.3% |  9.1 33.8  4.5 16.9 35.7  9.2  6.4
 1.8 1.35  0.15   10 1.50 0.70 0.70 2.80 0.40 |  78.7%   1.6%   2.0%   0.0%   0.0%   0.2%   5.2%   4.7%   5.6%   0.1%   0.1%   0.0%   1.9% |  8.9 33.5  4.5 16.8 36.0 12.6  8.2
 1.8 1.35  0.15   10 1.50 0.70 0.70 2.80 0.50 |  76.7%   1.6%   4.2%   0.0%   0.0%   0.0%   5.3%   4.6%   5.5%   0.1%   0.1%   0.0%   1.8% |  9.1 33.8  4.5 16.9 36.2 12.6  8.3
 1.8 1.35  0.15   10 1.50 0.70 0.70 3.50 0.40 |  80.1%   1.6%   2.0%   0.0%   0.0%   0.2%   5.2%   4.7%   5.9%   0.2%   0.0%   0.0%   0.2% |  8.9 33.5  4.5 16.8 36.3 15.7 10.7
 1.8 1.35  0.15   10 1.50 0.70 0.70 3.50 0.50 |  78.0%   1.6%   4.2%   0.0%   0.0%   0.0%   5.3%   4.6%   5.8%   0.2%   0.0%   0.0%   0.2% |  9.1 33.8  4.5 16.9 36.5 15.7 10.8
 1.8 1.35  0.15   10 1.50 0.80 0.60 2.00 0.40 |  66.3%   1.6%   2.0%   0.0%   0.0%   0.2%   5.2%   1.8%   2.0%   0.0%   4.9%   0.0%  16.0% |  8.9 33.6  4.9 14.3 29.5 12.6  9.2
 1.8 1.35  0.15   10 1.50 0.80 0.60 2.00 0.50 |  64.6%   1.6%   4.2%   0.0%   0.0%   0.0%   5.3%   1.8%   2.0%   0.0%   4.8%   0.0%  15.6% |  9.1 33.9  4.9 14.4 29.6 12.6  9.2
 1.8 1.35  0.15   10 1.50 0.80 0.60 2.80 0.40 |  82.0%   1.6%   2.0%   0.0%   0.0%   0.2%   5.2%   1.8%   2.4%   0.0%   0.8%   0.0%   4.0% |  8.9 33.6  4.9 14.3 29.8 17.4  8.0
 1.8 1.35  0.15   10 1.50 0.80 0.60 2.80 0.50 |  80.0%   1.6%   4.2%   0.0%   0.0%   0.0%   5.3%   1.8%   2.3%   0.0%   0.8%   0.0%   3.9% |  9.1 33.9  4.9 14.4 29.9 17.4  8.0
 1.8 1.35  0.15   10 1.50 0.80 0.60 3.50 0.40 |  85.2%   1.6%   2.0%   0.0%   0.0%   0.2%   5.2%   1.8%   2.6%   0.0%   0.2%   0.0%   1.2% |  8.9 33.6  4.9 14.3 30.0 21.6  8.9
 1.8 1.35  0.15   10 1.50 0.80 0.60 3.50 0.50 |  83.1%   1.6%   4.2%   0.0%   0.0%   0.0%   5.3%   1.8%   2.5%   0.0%   0.2%   0.0%   1.2% |  9.1 33.9  4.9 14.4 30.1 21.6  9.0
 1.8 1.35  0.20    8 1.50 0.60 0.80 2.00 0.40 |  50.5%   2.8%   0.8%   0.0%   0.0%   0.0%   6.7%  19.3%   8.7%   0.0%   1.3%   0.0%   9.8% |  7.1 36.7  3.3 26.9 42.5  5.6  5.5
 1.8 1.35  0.20    8 1.50 0.60 0.80 2.00 0.50 |  48.6%   2.8%   3.0%   0.0%   0.0%   0.0%   6.7%  19.3%   8.7%   0.0%   1.2%   0.0%   9.6% |  7.1 37.0  3.3 27.2 42.9  5.6  5.6
 1.8 1.35  0.20    8 1.50 0.60 0.80 2.80 0.40 |  60.3%   2.8%   0.8%   0.0%   0.0%   0.0%   6.7%  19.3%   9.6%   0.3%   0.0%   0.0%   0.1% |  7.1 36.7  3.3 26.9 43.4  7.7 11.7
 1.8 1.35  0.20    8 1.50 0.60 0.80 2.80 0.50 |  58.2%   2.8%   3.0%   0.0%   0.0%   0.0%   6.7%  19.3%   9.6%   0.3%   0.0%   0.0%   0.1% |  7.1 37.0  3.3 27.2 43.8  7.7 11.9
 1.8 1.35  0.20    8 1.50 0.60 0.80 3.50 0.40 |  59.8%   2.8%   0.8%   0.0%   0.0%   0.0%   6.7%  19.3%  10.0%   0.5%   0.0%   0.0%   0.0% |  7.1 36.7  3.3 26.9 43.8  9.7 15.3
 1.8 1.35  0.20    8 1.50 0.60 0.80 3.50 0.50 |  57.7%   2.8%   3.0%   0.0%   0.0%   0.0%   6.7%  19.3%  10.0%   0.5%   0.0%   0.0%   0.0% |  7.1 37.0  3.3 27.2 44.2  9.7 15.5
 1.8 1.35  0.20    8 1.50 0.70 0.70 2.00 0.40 |  65.9%   2.8%   0.8%   0.0%   0.0%   0.0%   6.9%   4.5%   4.1%   0.0%   2.1%   0.0%  12.8% |  7.1 36.8  3.6 16.9 36.3  7.5  6.1
 1.8 1.35  0.20    8 1.50 0.70 0.70 2.00 0.50 |  63.9%   2.8%   3.0%   0.0%   0.0%   0.0%   6.9%   4.5%   4.1%   0.0%   2.1%   0.0%  12.6% |  7.1 37.1  3.6 17.0 36.5  7.5  6.1
 1.8 1.35  0.20    8 1.50 0.70 0.70 2.80 0.40 |  79.1%   2.8%   0.8%   0.0%   0.0%   0.0%   6.9%   4.5%   4.9%   0.2%   0.1%   0.0%   0.7% |  7.1 36.8  3.6 16.9 36.8 10.4 10.2
 1.8 1.35  0.20    8 1.50 0.70 0.70 2.80 0.50 |  77.0%   2.8%   3.0%   0.0%   0.0%   0.0%   6.9%   4.5%   4.9%   0.2%   0.1%   0.0%   0.7% |  7.1 37.1  3.6 17.0 37.1 10.4 10.3
 1.8 1.35  0.20    8 1.50 0.70 0.70 3.50 0.40 |  79.3%   2.8%   0.8%   0.0%   0.0%   0.0%   6.9%   4.5%   5.2%   0.3%   0.0%   0.0%   0.1% |  7.1 36.8  3.6 16.9 37.1 13.0 13.2
 1.8 1.35  0.20    8 1.50 0.70 0.70 3.50 0.50 |  77.2%   2.8%   3.0%   0.0%   0.0%   0.0%   6.9%   4.5%   5.2%   0.3%   0.0%   0.0%   0.1% |  7.1 37.1  3.6 17.0 37.3 13.0 13.4
 1.8 1.35  0.20    8 1.50 0.80 0.60 2.00 0.40 |  72.0%   2.8%   0.8%   0.0%   0.0%   0.0%   7.2%   2.9%   0.8%   0.0%   2.4%   0.0%  11.2% |  7.1 36.9  4.0 15.6 28.9 10.3  7.9
 1.8 1.35  0.20    8 1.50 0.80 0.60 2.00 0.50 |  70.0%   2.8%   3.0%   0.0%   0.0%   0.0%   7.2%   2.8%   0.8%   0.0%   2.4%   0.0%  11.0% |  7.1 37.2  4.0 15.8 29.0 10.3  8.0
 1.8 1.35  0.20    8 1.50 0.80 0.60 2.80 0.40 |  83.2%   2.8%   0.8%   0.0%   0.0%   0.0%   7.2%   2.9%   1.0%   0.0%   0.3%   0.0%   1.7% |  7.1 36.9  4.0 15.6 29.2 14.3  9.0
 1.8 1.35  0.20    8 1.50 0.80 0.60 2.80 0.50 |  81.1%   2.8%   3.0%   0.0%   0.0%   0.0%   7.2%   2.8%   1.0%   0.0%   0.3%   0.0%   1.7% |  7.1 37.2  4.0 15.8 29.4 14.3  9.1
 1.8 1.35  0.20    8 1.50 0.80 0.60 3.50 0.40 |  84.6%   2.8%   0.8%   0.0%   0.0%   0.0%   7.2%   2.9%   1.2%   0.0%   0.1%   0.0%   0.4% |  7.1 36.9  4.0 15.6 29.3 17.8 10.8
 1.8 1.35  0.20    8 1.50 0.80 0.60 3.50 0.50 |  82.5%   2.8%   3.0%   0.0%   0.0%   0.0%   7.2%   2.8%   1.2%   0.0%   0.1%   0.0%   0.4% |  7.1 37.2  4.0 15.8 29.5 17.8 10.9
 1.8 1.35  0.25    6 1.50 0.60 0.80 2.00 0.50 |  40.4%   4.2%   1.6%   0.0%   0.0%   0.0%  12.1%  22.3%   9.8%   0.1%   1.0%   0.0%   8.5% |  5.9 41.5  2.9 29.6 45.9  5.0  6.0
 1.8 1.35  0.25    6 1.50 0.60 0.80 2.80 0.50 |  48.3%   4.2%   1.6%   0.0%   0.0%   0.0%  12.1%  22.3%  10.9%   0.5%   0.0%   0.0%   0.1% |  5.9 41.5  2.9 29.6 46.9  7.0 13.3
 1.8 1.35  0.25    6 1.50 0.60 0.80 3.50 0.50 |  47.5%   4.2%   1.6%   0.0%   0.0%   0.0%  12.1%  22.3%  11.5%   0.8%   0.0%   0.0%   0.0% |  5.9 41.5  2.9 29.6 47.4  8.7 17.3
 1.8 1.35  0.25    6 1.50 0.70 0.70 2.00 0.50 |  59.6%   4.2%   1.6%   0.0%   0.0%   0.0%  12.7%   5.2%   3.3%   0.1%   1.7%   0.0%  11.6% |  5.9 41.6  3.2 18.0 38.3  6.5  6.2
 1.8 1.35  0.25    6 1.50 0.70 0.70 2.80 0.50 |  71.4%   4.2%   1.6%   0.0%   0.0%   0.0%  12.7%   5.2%   4.1%   0.3%   0.0%   0.0%   0.3% |  5.9 41.6  3.2 18.0 38.9  9.1 11.9
 1.8 1.35  0.25    6 1.50 0.70 0.70 3.50 0.50 |  71.0%   4.2%   1.6%   0.0%   0.0%   0.0%  12.7%   5.2%   4.6%   0.6%   0.0%   0.0%   0.1% |  5.9 41.6  3.2 18.0 39.2 11.3 15.5
 1.8 1.35  0.25    6 1.50 0.80 0.60 2.00 0.50 |  67.2%   4.2%   1.6%   0.0%   0.0%   0.0%  13.1%   4.2%   0.4%   0.0%   1.3%   0.0%   8.0% |  5.9 41.8  3.5 17.6 29.9  9.0  7.5
 1.8 1.35  0.25    6 1.50 0.80 0.60 2.80 0.50 |  75.4%   4.2%   1.6%   0.0%   0.0%   0.0%  13.1%   4.2%   0.5%   0.0%   0.2%   0.0%   0.8% |  5.9 41.8  3.5 17.6 30.2 12.5 10.1
 1.8 1.35  0.25    6 1.50 0.80 0.60 3.50 0.50 |  76.0%   4.2%   1.6%   0.0%   0.0%   0.0%  13.1%   4.2%   0.6%   0.0%   0.1%   0.0%   0.2% |  5.9 41.8  3.5 17.6 30.4 15.6 12.5
 1.8 1.50  0.15   11 1.35 0.60 0.80 2.00 0.40 |  53.4%   1.6%   2.0%   0.0%   0.0%   0.2%   3.3%  17.5%   5.8%   0.0%   2.4%   0.0%  13.7% |  9.7 29.7  5.2 24.7 37.9  7.8  5.3
 1.8 1.50  0.15   11 1.35 0.60 0.80 2.00 0.50 |  51.9%   1.6%   4.2%   0.0%   0.0%   0.0%   3.4%  17.3%   5.7%   0.0%   2.4%   0.0%  13.4% | 10.0 30.0  5.2 24.9 38.0  7.8  5.4
 1.8 1.50  0.15   11 1.35 0.60 0.80 2.80 0.40 |  67.8%   1.6%   2.0%   0.0%   0.0%   0.2%   3.3%  17.5%   6.4%   0.1%   0.0%   0.0%   1.0% |  9.7 29.7  5.2 24.7 38.5 10.7  8.4
 1.8 1.50  0.15   11 1.35 0.60 0.80 2.80 0.50 |  66.0%   1.6%   4.2%   0.0%   0.0%   0.0%   3.4%  17.3%   6.3%   0.1%   0.0%   0.0%   1.0% | 10.0 30.0  5.2 24.9 38.6 10.7  8.5
 1.8 1.50  0.15   11 1.35 0.60 0.80 3.50 0.40 |  68.4%   1.6%   2.0%   0.0%   0.0%   0.2%   3.3%  17.5%   6.8%   0.1%   0.0%   0.0%   0.0% |  9.7 29.7  5.2 24.7 38.8 13.3 11.4
 1.8 1.50  0.15   11 1.35 0.60 0.80 3.50 0.50 |  66.5%   1.6%   4.2%   0.0%   0.0%   0.0%   3.4%  17.3%   6.7%   0.1%   0.0%   0.0%   0.0% | 10.0 30.0  5.2 24.9 38.9 13.3 11.5
 1.8 1.50  0.15   11 1.35 0.70 0.70 2.00 0.40 |  59.7%   1.6%   2.0%   0.0%   0.0%   0.2%   3.3%   5.4%   4.7%   0.0%   4.8%   0.0%  18.3% |  9.7 29.9  5.6 17.2 34.6 11.0  7.6
 1.8 1.50  0.15   11 1.35 0.70 0.70 2.00 0.50 |  58.1%   1.6%   4.2%   0.0%   0.0%   0.0%   3.4%   5.4%   4.7%   0.0%   4.7%   0.0%  17.8% | 10.0 30.1  5.6 17.2 34.7 11.0  7.6
 1.8 1.50  0.15   11 1.35 0.70 0.70 2.80 0.40 |  78.3%   1.6%   2.0%   0.0%   0.0%   0.2%   3.3%   5.4%   5.3%   0.0%   0.3%   0.0%   3.5% |  9.7 29.9  5.6 17.2 35.1 15.2  7.3
 1.8 1.50  0.15   11 1.35 0.70 0.70 2.80 0.50 |  76.3%   1.6%   4.2%   0.0%   0.0%   0.0%   3.4%   5.4%   5.2%   0.0%   0.3%   0.0%   3.5% | 10.0 30.1  5.6 17.2 35.2 15.2  7.4
 1.8 1.50  0.15   11 1.35 0.70 0.70 3.50 0.40 |  81.2%   1.6%   2.0%   0.0%   0.0%   0.2%   3.3%   5.4%   5.5%   0.1%   0.0%   0.0%   0.6% |  9.7 29.9  5.6 17.2 35.3 18.8  9.2
 1.8 1.50  0.15   11 1.35 0.70 0.70 3.50 0.50 |  79.2%   1.6%   4.2%   0.0%   0.0%   0.0%   3.4%   5.4%   5.4%   0.1%   0.0%   0.0%   0.6% | 10.0 30.1  5.6 17.2 35.4 18.8  9.3
 1.8 1.50  0.15   11 1.35 0.80 0.60 2.00 0.40 |  60.9%   1.6%   2.0%   0.0%   0.0%   0.2%   3.3%   1.8%   2.9%   0.0%   8.0%   0.0%  19.2% |  9.7 30.0  6.2 14.0 29.9 15.3 11.3
 1.8 1.50  0.15   11 1.35 0.80 0.60 2.00 0.50 |  59.4%   1.6%   4.2%   0.0%   0.0%   0.0%   3.5%   1.7%   2.9%   0.0%   7.8%   0.0%  18.8% | 10.0 30.3  6.2 14.0 29.9 15.3 11.3
 1.8 1.50  0.15   11 1.35 0.80 0.60 2.80 0.40 |  79.3%   1.6%   2.0%   0.0%   0.0%   0.2%   3.3%   1.8%   3.3%   0.0%   1.9%   0.0%   6.6% |  9.7 30.0  6.2 14.0 30.2 21.0  8.5
 1.8 1.50  0.15   11 1.35 0.80 0.60 2.80 0.50 |  77.4%   1.6%   4.2%   0.0%   0.0%   0.0%   3.5%   1.7%   3.3%   0.0%   1.8%   0.0%   6.4% | 10.0 30.3  6.2 14.0 30.3 21.0  8.5
 1.8 1.50  0.15   11 1.35 0.80 0.60 3.50 0.40 |  84.2%   1.6%   2.0%   0.0%   0.0%   0.2%   3.3%   1.8%   3.5%   0.0%   0.6%   0.0%   2.8% |  9.7 30.0  6.2 14.0 30.4 26.1  8.4
 1.8 1.50  0.15   11 1.35 0.80 0.60 3.50 0.50 |  82.2%   1.6%   4.2%   0.0%   0.0%   0.0%   3.5%   1.7%   3.5%   0.0%   0.5%   0.0%   2.7% | 10.0 30.3  6.2 14.0 30.5 26.1  8.5
 1.8 1.50  0.20    8 1.35 0.60 0.80 2.00 0.40 |  57.0%   2.8%   0.8%   0.0%   0.0%   0.0%   3.1%  16.4%   6.9%   0.0%   1.6%   0.0%  11.3% |  7.7 31.7  4.1 24.5 39.4  6.6  5.4
 1.8 1.50  0.20    8 1.35 0.60 0.80 2.00 0.50 |  55.2%   2.8%   3.0%   0.0%   0.0%   0.0%   3.1%  16.3%   6.9%   0.0%   1.6%   0.0%  11.0% |  7.8 31.9  4.1 24.7 39.7  6.6  5.5
 1.8 1.50  0.20    8 1.35 0.60 0.80 2.80 0.40 |  68.7%   2.8%   0.8%   0.0%   0.0%   0.0%   3.1%  16.4%   7.7%   0.1%   0.0%   0.0%   0.3% |  7.7 31.7  4.1 24.5 40.1  9.1 10.3
 1.8 1.50  0.20    8 1.35 0.60 0.80 2.80 0.50 |  66.7%   2.8%   3.0%   0.0%   0.0%   0.0%   3.1%  16.3%   7.6%   0.1%   0.0%   0.0%   0.3% |  7.8 31.9  4.1 24.7 40.4  9.1 10.5
 1.8 1.50  0.20    8 1.35 0.60 0.80 3.50 0.40 |  68.5%   2.8%   0.8%   0.0%   0.0%   0.0%   3.1%  16.4%   8.0%   0.3%   0.0%   0.0%   0.0% |  7.7 31.7  4.1 24.5 40.5 11.3 13.6
 1.8 1.50  0.20    8 1.35 0.60 0.80 3.50 0.50 |  66.4%   2.8%   3.0%   0.0%   0.0%   0.0%   3.1%  16.3%   8.0%   0.3%   0.0%   0.0%   0.0% |  7.8 31.9  4.1 24.7 40.7 11.3 13.8
 1.8 1.50  0.20    8 1.35 0.70 0.70 2.00 0.40 |  68.0%   2.8%   0.8%   0.0%   0.0%   0.0%   3.2%   3.8%   4.2%   0.0%   2.8%   0.0%  14.3% |  7.7 31.8  4.5 16.2 34.5  9.0  6.7
 1.8 1.50  0.20    8 1.35 0.70 0.70 2.00 0.50 |  66.2%   2.8%   3.0%   0.0%   0.0%   0.0%   3.2%   3.8%   4.2%   0.0%   2.7%   0.0%  14.0% |  7.8 32.1  4.5 16.3 34.7  9.0  6.7
 1.8 1.50  0.20    8 1.35 0.70 0.70 2.80 0.40 |  82.8%   2.8%   0.8%   0.0%   0.0%   0.0%   3.2%   3.8%   4.8%   0.1%   0.1%   0.0%   1.6% |  7.7 31.8  4.5 16.2 35.0 12.5  8.9
 1.8 1.50  0.20    8 1.35 0.70 0.70 2.80 0.50 |  80.7%   2.8%   3.0%   0.0%   0.0%   0.0%   3.2%   3.8%   4.8%   0.1%   0.1%   0.0%   1.5% |  7.8 32.1  4.5 16.3 35.2 12.5  9.0
 1.8 1.50  0.20    8 1.35 0.70 0.70 3.50 0.40 |  83.9%   2.8%   0.8%   0.0%   0.0%   0.0%   3.2%   3.8%   5.0%   0.1%   0.0%   0.0%   0.2% |  7.7 31.8  4.5 16.2 35.3 15.5 11.4
 1.8 1.50  0.20    8 1.35 0.70 0.70 3.50 0.50 |  81.8%   2.8%   3.0%   0.0%   0.0%   0.0%   3.2%   3.8%   5.0%   0.1%   0.0%   0.0%   0.2% |  7.8 32.1  4.5 16.3 35.5 15.5 11.5
 1.8 1.50  0.20    8 1.35 0.80 0.60 2.00 0.40 |  71.6%   2.8%   0.8%   0.0%   0.0%   0.0%   3.4%   1.6%   1.7%   0.0%   3.9%   0.0%  14.2% |  7.7 31.9  4.9 14.2 28.3 12.4  9.4
 1.8 1.50  0.20    8 1.35 0.80 0.60 2.00 0.50 |  69.7%   2.8%   3.0%   0.0%   0.0%   0.0%   3.3%   1.6%   1.7%   0.0%   3.8%   0.0%  13.9% |  7.8 32.2  4.9 14.3 28.5 12.5  9.4
 1.8 1.50  0.20    8 1.35 0.80 0.60 2.80 0.40 |  85.4%   2.8%   0.8%   0.0%   0.0%   0.0%   3.4%   1.6%   2.0%   0.0%   0.7%   0.0%   3.3% |  7.7 31.9  4.9 14.2 28.6 17.2  8.7
 1.8 1.50  0.20    8 1.35 0.80 0.60 2.80 0.50 |  83.3%   2.8%   3.0%   0.0%   0.0%   0.0%   3.3%   1.6%   2.0%   0.0%   0.7%   0.0%   3.2% |  7.8 32.2  4.9 14.3 28.8 17.2  8.8
 1.8 1.50  0.20    8 1.35 0.80 0.60 3.50 0.40 |  87.9%   2.8%   0.8%   0.0%   0.0%   0.0%   3.4%   1.6%   2.2%   0.0%   0.3%   0.0%   1.0% |  7.7 31.9  4.9 14.2 28.8 21.4  9.7
 1.8 1.50  0.20    8 1.35 0.80 0.60 3.50 0.50 |  85.8%   2.8%   3.0%   0.0%   0.0%   0.0%   3.3%   1.6%   2.1%   0.0%   0.3%   0.0%   0.9% |  7.8 32.2  4.9 14.3 29.0 21.4  9.8
 1.8 1.50  0.25    7 1.35 0.60 0.80 2.00 0.50 |  51.1%   4.4%   1.4%   0.0%   0.0%   0.0%   4.2%  19.0%   8.5%   0.0%   1.3%   0.0%   9.9% |  6.4 35.4  3.6 26.8 42.8  5.8  5.8
 1.8 1.50  0.25    7 1.35 0.60 0.80 2.80 0.50 |  61.0%   4.4%   1.4%   0.0%   0.0%   0.0%   4.2%  19.0%   9.5%   0.2%   0.0%   0.0%   0.1% |  6.4 35.4  3.6 26.8 43.6  8.0 12.1
 1.8 1.50  0.25    7 1.35 0.60 0.80 3.50 0.50 |  60.4%   4.4%   1.4%   0.0%   0.0%   0.0%   4.2%  19.0%  10.0%   0.5%   0.0%   0.0%   0.0% |  6.4 35.4  3.6 26.8 44.0 10.0 15.7
 1.8 1.50  0.25    7 1.35 0.70 0.70 2.00 0.50 |  66.9%   4.4%   1.4%   0.0%   0.0%   0.0%   4.5%   4.3%   4.1%   0.0%   2.1%   0.0%  12.3% |  6.4 35.5  3.9 17.0 36.3  7.7  6.4
 1.8 1.50  0.25    7 1.35 0.70 0.70 2.80 0.50 |  79.6%   4.4%   1.4%   0.0%   0.0%   0.0%   4.5%   4.3%   4.7%   0.1%   0.1%   0.0%   0.8% |  6.4 35.5  3.9 17.0 36.8 10.7 10.5
 1.8 1.50  0.25    7 1.35 0.70 0.70 3.50 0.50 |  79.9%   4.4%   1.4%   0.0%   0.0%   0.0%   4.5%   4.3%   5.1%   0.2%   0.0%   0.0%   0.1% |  6.4 35.5  3.9 17.0 37.1 13.4 13.5
 1.8 1.50  0.25    7 1.35 0.80 0.60 2.00 0.50 |  72.4%   4.4%   1.4%   0.0%   0.0%   0.0%   4.8%   2.7%   1.0%   0.1%   2.3%   0.0%  10.8% |  6.4 35.6  4.3 15.8 28.9 10.7  8.4
 1.8 1.50  0.25    7 1.35 0.80 0.60 2.80 0.50 |  83.2%   4.4%   1.4%   0.0%   0.0%   0.0%   4.8%   2.7%   1.3%   0.0%   0.4%   0.0%   1.7% |  6.4 35.6  4.3 15.8 29.2 14.8  9.4
 1.8 1.50  0.25    7 1.35 0.80 0.60 3.50 0.50 |  84.5%   4.4%   1.4%   0.0%   0.0%   0.0%   4.8%   2.7%   1.5%   0.0%   0.2%   0.0%   0.5% |  6.4 35.6  4.3 15.8 29.4 18.5 11.2
 1.8 1.80  0.15   13 1.05 0.60 0.80 2.00 0.40 |  46.1%   1.6%   2.0%   0.0%   0.0%   0.2%   2.2%  20.3%   4.1%   0.0%   4.8%   0.0%  18.6% | 11.4 24.7  8.5 26.7 35.9 11.1  7.2
 1.8 1.80  0.15   13 1.05 0.60 0.80 2.00 0.50 |  45.0%   1.6%   4.2%   0.0%   0.0%   0.0%   2.4%  19.9%   4.0%   0.0%   4.7%   0.0%  18.2% | 11.7 24.8  8.5 26.7 35.9 11.1  7.2
 1.8 1.80  0.15   13 1.05 0.60 0.80 2.80 0.40 |  65.2%   1.6%   2.0%   0.0%   0.0%   0.2%   2.2%  20.3%   4.7%   0.0%   0.1%   0.0%   3.7% | 11.4 24.7  8.5 26.7 36.3 15.2  6.4
 1.8 1.80  0.15   13 1.05 0.60 0.80 2.80 0.50 |  63.6%   1.6%   4.2%   0.0%   0.0%   0.0%   2.4%  19.9%   4.6%   0.0%   0.1%   0.0%   3.6% | 11.7 24.8  8.5 26.7 36.4 15.2  6.4
 1.8 1.80  0.15   13 1.05 0.60 0.80 3.50 0.40 |  68.4%   1.6%   2.0%   0.0%   0.0%   0.2%   2.2%  20.3%   4.9%   0.0%   0.0%   0.0%   0.3% | 11.4 24.7  8.5 26.7 36.5 18.8  8.5
 1.8 1.80  0.15   13 1.05 0.60 0.80 3.50 0.50 |  66.6%   1.6%   4.2%   0.0%   0.0%   0.0%   2.4%  19.9%   4.9%   0.0%   0.0%   0.0%   0.3% | 11.7 24.8  8.5 26.7 36.6 18.8  8.6
 1.8 1.80  0.15   13 1.05 0.70 0.70 2.00 0.40 |  47.1%   1.6%   2.0%   0.0%   0.0%   0.2%   2.2%  10.1%   3.7%   0.0%  11.2%   0.0%  21.9% | 11.4 24.8  9.2 20.4 33.6 16.1 11.5
 1.8 1.80  0.15   13 1.05 0.70 0.70 2.00 0.50 |  45.9%   1.6%   4.2%   0.0%   0.0%   0.0%   2.3%  10.0%   3.6%   0.0%  10.9%   0.0%  21.4% | 11.7 25.0  9.2 20.4 33.6 16.1 11.5
 1.8 1.80  0.15   13 1.05 0.70 0.70 2.80 0.40 |  69.1%   1.6%   2.0%   0.0%   0.0%   0.2%   2.2%  10.1%   4.2%   0.0%   2.2%   0.0%   8.4% | 11.4 24.8  9.2 20.4 34.0 22.0  7.6
 1.8 1.80  0.15   13 1.05 0.70 0.70 2.80 0.50 |  67.4%   1.6%   4.2%   0.0%   0.0%   0.0%   2.3%  10.0%   4.1%   0.0%   2.1%   0.0%   8.2% | 11.7 25.0  9.2 20.4 34.0 22.0  7.7
 1.8 1.80  0.15   13 1.05 0.70 0.70 3.50 0.40 |  75.5%   1.6%   2.0%   0.0%   0.0%   0.2%   2.2%  10.1%   4.4%   0.0%   0.3%   0.0%   3.6% | 11.4 24.8  9.2 20.4 34.2 27.2  7.4
 1.8 1.80  0.15   13 1.05 0.70 0.70 3.50 0.50 |  73.7%   1.6%   4.2%   0.0%   0.0%   0.0%   2.3%  10.0%   4.3%   0.0%   0.3%   0.0%   3.5% | 11.7 25.0  9.2 20.4 34.2 27.2  7.5
 1.8 1.80  0.15   13 1.05 0.80 0.60 2.00 0.40 |  44.1%   1.6%   2.0%   0.0%   0.0%   0.2%   2.2%   5.1%   3.2%   0.8%  19.3%   0.0%  21.4% | 11.4 25.0 10.0 16.6 30.8 22.7 17.4
 1.8 1.80  0.15   13 1.05 0.80 0.60 2.00 0.50 |  43.0%   1.6%   4.2%   0.0%   0.0%   0.0%   2.3%   5.0%   3.2%   0.8%  18.8%   0.0%  20.9% | 11.7 25.1 10.0 16.6 30.9 22.7 17.4
 1.8 1.80  0.15   13 1.05 0.80 0.60 2.80 0.40 |  64.3%   1.6%   2.0%   0.0%   0.0%   0.2%   2.2%   5.1%   3.6%   0.2%   8.9%   0.0%  11.8% | 11.4 25.0 10.0 16.6 31.2 31.0 12.5
 1.8 1.80  0.15   13 1.05 0.80 0.60 2.80 0.50 |  62.9%   1.6%   4.2%   0.0%   0.0%   0.0%   2.3%   5.0%   3.5%   0.2%   8.7%   0.0%  11.5% | 11.7 25.1 10.0 16.6 31.3 31.0 12.5
 1.8 1.80  0.15   13 1.05 0.80 0.60 3.50 0.40 |  72.4%   1.6%   2.0%   0.0%   0.0%   0.2%   2.2%   5.1%   3.8%   0.1%   5.2%   0.0%   7.3% | 11.4 25.0 10.0 16.6 31.4 38.3 10.7
 1.8 1.80  0.15   13 1.05 0.80 0.60 3.50 0.50 |  70.7%   1.6%   4.2%   0.0%   0.0%   0.0%   2.3%   5.0%   3.8%   0.1%   5.1%   0.0%   7.1% | 11.7 25.1 10.0 16.6 31.4 38.3 10.8
 1.8 1.80  0.20   10 1.05 0.60 0.80 2.00 0.40 |  58.5%   3.0%   0.6%   0.0%   0.0%   0.1%   1.5%  13.0%   4.2%   0.0%   3.1%   0.0%  15.9% |  9.0 24.1  6.4 22.8 35.0  9.5  6.5
 1.8 1.80  0.20   10 1.05 0.60 0.80 2.00 0.50 |  57.0%   3.0%   2.8%   0.0%   0.0%   0.0%   1.6%  12.9%   4.1%   0.0%   3.0%   0.0%  15.5% |  9.1 24.3  6.4 22.8 35.1  9.5  6.5
 1.8 1.80  0.20   10 1.05 0.60 0.80 2.80 0.40 |  75.0%   3.0%   0.6%   0.0%   0.0%   0.1%   1.5%  13.0%   4.7%   0.0%   0.0%   0.0%   2.0% |  9.0 24.1  6.4 22.8 35.4 13.0  7.7
 1.8 1.80  0.20   10 1.05 0.60 0.80 2.80 0.50 |  73.0%   3.0%   2.8%   0.0%   0.0%   0.0%   1.6%  12.9%   4.7%   0.0%   0.0%   0.0%   1.9% |  9.1 24.3  6.4 22.8 35.5 13.0  7.8
 1.8 1.80  0.20   10 1.05 0.60 0.80 3.50 0.40 |  76.6%   3.0%   0.6%   0.0%   0.0%   0.1%   1.5%  13.0%   5.0%   0.0%   0.0%   0.0%   0.1% |  9.0 24.1  6.4 22.8 35.6 16.2 10.1
 1.8 1.80  0.20   10 1.05 0.60 0.80 3.50 0.50 |  74.6%   3.0%   2.8%   0.0%   0.0%   0.0%   1.6%  12.9%   4.9%   0.0%   0.0%   0.0%   0.1% |  9.1 24.3  6.4 22.8 35.8 16.2 10.2
 1.8 1.80  0.20   10 1.05 0.70 0.70 2.00 0.40 |  61.2%   3.0%   0.6%   0.0%   0.0%   0.1%   1.5%   4.8%   3.3%   0.0%   6.2%   0.0%  19.3% |  9.0 24.2  7.0 16.9 31.6 13.4  9.6
 1.8 1.80  0.20   10 1.05 0.70 0.70 2.00 0.50 |  59.6%   3.0%   2.8%   0.0%   0.0%   0.0%   1.5%   4.7%   3.3%   0.0%   6.1%   0.0%  18.9% |  9.1 24.4  7.0 17.0 31.7 13.4  9.6
 1.8 1.80  0.20   10 1.05 0.70 0.70 2.80 0.40 |  80.2%   3.0%   0.6%   0.0%   0.0%   0.1%   1.5%   4.8%   3.7%   0.0%   0.9%   0.0%   5.2% |  9.0 24.2  7.0 16.9 32.0 18.4  7.7
 1.8 1.80  0.20   10 1.05 0.70 0.70 2.80 0.50 |  78.3%   3.0%   2.8%   0.0%   0.0%   0.0%   1.5%   4.7%   3.6%   0.0%   0.9%   0.0%   5.0% |  9.1 24.4  7.0 17.0 32.1 18.4  7.7
 1.8 1.80  0.20   10 1.05 0.70 0.70 3.50 0.40 |  84.4%   3.0%   0.6%   0.0%   0.0%   0.1%   1.5%   4.8%   3.9%   0.0%   0.1%   0.0%   1.6% |  9.0 24.2  7.0 16.9 32.2 22.8  8.5
 1.8 1.80  0.20   10 1.05 0.70 0.70 3.50 0.50 |  82.3%   3.0%   2.8%   0.0%   0.0%   0.0%   1.5%   4.7%   3.8%   0.0%   0.1%   0.0%   1.5% |  9.1 24.4  7.0 17.0 32.3 22.8  8.6
 1.8 1.80  0.20   10 1.05 0.80 0.60 2.00 0.40 |  59.0%   3.0%   0.6%   0.0%   0.0%   0.1%   1.5%   2.3%   2.1%   0.3%  11.0%   0.0%  20.2% |  9.0 24.3  7.7 13.9 27.7 18.5 14.1
 1.8 1.80  0.20   10 1.05 0.80 0.60 2.00 0.50 |  57.6%   3.0%   2.8%   0.0%   0.0%   0.0%   1.5%   2.2%   2.1%   0.3%  10.7%   0.0%  19.7% |  9.1 24.5  7.7 13.9 27.8 18.5 14.1
 1.8 1.80  0.20   10 1.05 0.80 0.60 2.80 0.40 |  77.4%   3.0%   0.6%   0.0%   0.0%   0.1%   1.5%   2.3%   2.4%   0.1%   3.8%   0.0%   9.0% |  9.0 24.3  7.7 13.9 28.0 25.4 10.7
 1.8 1.80  0.20   10 1.05 0.80 0.60 2.80 0.50 |  75.5%   3.0%   2.8%   0.0%   0.0%   0.0%   1.5%   2.2%   2.4%   0.1%   3.7%   0.0%   8.7% |  9.1 24.5  7.7 13.9 28.1 25.4 10.7
 1.8 1.80  0.20   10 1.05 0.80 0.60 3.50 0.40 |  83.6%   3.0%   0.6%   0.0%   0.0%   0.1%   1.5%   2.3%   2.5%   0.0%   1.9%   0.0%   4.4% |  9.0 24.3  7.7 13.9 28.2 31.5  9.8
 1.8 1.80  0.20   10 1.05 0.80 0.60 3.50 0.50 |  81.6%   3.0%   2.8%   0.0%   0.0%   0.0%   1.5%   2.2%   2.5%   0.0%   1.9%   0.0%   4.3% |  9.1 24.5  7.7 13.9 28.2 31.5  9.9
 1.8 1.80  0.25    8 1.05 0.60 0.80 2.00 0.50 |  61.9%   4.6%   1.2%   0.0%   0.0%   0.0%   1.1%  11.4%   4.4%   0.0%   2.1%   0.0%  13.1% |  7.5 25.8  5.5 22.3 35.8  8.2  6.2
 1.8 1.80  0.25    8 1.05 0.60 0.80 2.80 0.50 |  75.6%   4.6%   1.2%   0.0%   0.0%   0.0%   1.1%  11.4%   5.0%   0.0%   0.0%   0.0%   1.0% |  7.5 25.8  5.5 22.3 36.3 11.3  9.2
 1.8 1.80  0.25    8 1.05 0.60 0.80 3.50 0.50 |  76.1%   4.6%   1.2%   0.0%   0.0%   0.0%   1.1%  11.4%   5.3%   0.1%   0.0%   0.0%   0.1% |  7.5 25.8  5.5 22.3 36.6 14.1 12.0
 1.8 1.80  0.25    8 1.05 0.70 0.70 2.00 0.50 |  67.5%   4.6%   1.2%   0.0%   0.0%   0.0%   1.2%   3.3%   2.8%   0.0%   3.8%   0.0%  15.6% |  7.5 25.9  5.9 15.9 31.4 11.4  8.4
 1.8 1.80  0.25    8 1.05 0.70 0.70 2.80 0.50 |  83.1%   4.6%   1.2%   0.0%   0.0%   0.0%   1.2%   3.3%   3.2%   0.0%   0.4%   0.0%   2.9% |  7.5 25.9  5.9 15.9 31.7 15.7  8.3
 1.8 1.80  0.25    8 1.05 0.70 0.70 3.50 0.50 |  85.5%   4.6%   1.2%   0.0%   0.0%   0.0%   1.2%   3.3%   3.4%   0.0%   0.1%   0.0%   0.6% |  7.5 25.9  5.9 15.9 31.9 19.6  9.9
 1.8 1.80  0.25    8 1.05 0.80 0.60 2.00 0.50 |  67.3%   4.6%   1.2%   0.0%   0.0%   0.0%   1.2%   1.5%   1.5%   0.2%   6.0%   0.0%  16.4% |  7.5 26.0  6.5 13.4 26.5 15.8 12.1
 1.8 1.80  0.25    8 1.05 0.80 0.60 2.80 0.50 |  82.4%   4.6%   1.2%   0.0%   0.0%   0.0%   1.2%   1.5%   1.8%   0.1%   1.7%   0.0%   5.4% |  7.5 26.0  6.5 13.4 26.8 21.7 10.0
 1.8 1.80  0.25    8 1.05 0.80 0.60 3.50 0.50 |  86.4%   4.6%   1.2%   0.0%   0.0%   0.0%   1.2%   1.5%   1.9%   0.1%   0.9%   0.0%   2.3% |  7.5 26.0  6.5 13.4 26.9 27.0  9.9

the twelve best at noon (through with the sun's disc):
    88.7 %  neck 1.3, 2c 1.2, d 0.2 (cap r 0.350, m 7), M3 1.15 -> 0.8, M4 0.60 -> 3.5, hole 0.4; beam rms at M3 31 cm, at M4 28 cm
    88.3 %  neck 1.3, 2c 1.35, d 0.2 (cap r 0.354, m 8), M3 1.00 -> 0.8, M4 0.60 -> 3.5, hole 0.4; beam rms at M3 26 cm, at M4 27 cm
    87.9 %  neck 1.8, 2c 1.5, d 0.2 (cap r 0.358, m 8), M3 1.35 -> 0.8, M4 0.60 -> 3.5, hole 0.4; beam rms at M3 32 cm, at M4 29 cm
    87.9 %  neck 1.3, 2c 1.35, d 0.25 (cap r 0.432, m 6), M3 1.00 -> 0.8, M4 0.60 -> 3.5, hole 0.5; beam rms at M3 29 cm, at M4 27 cm
    87.2 %  neck 1.3, 2c 1.35, d 0.2 (cap r 0.354, m 8), M3 1.00 -> 0.7, M4 0.70 -> 3.5, hole 0.4; beam rms at M3 26 cm, at M4 32 cm
    86.6 %  neck 1.3, 2c 1.2, d 0.2 (cap r 0.350, m 7), M3 1.15 -> 0.8, M4 0.60 -> 3.5, hole 0.5; beam rms at M3 32 cm, at M4 29 cm
    86.5 %  neck 1.3, 2c 1.5, d 0.25 (cap r 0.438, m 7), M3 0.85 -> 0.7, M4 0.70 -> 3.5, hole 0.5; beam rms at M3 24 cm, at M4 31 cm
    86.5 %  neck 1.3, 2c 1.2, d 0.2 (cap r 0.350, m 7), M3 1.15 -> 0.8, M4 0.60 -> 2.8, hole 0.4; beam rms at M3 31 cm, at M4 28 cm
    86.4 %  neck 1.3, 2c 1.2, d 0.15 (cap r 0.270, m 9), M3 1.15 -> 0.8, M4 0.60 -> 3.5, hole 0.4; beam rms at M3 28 cm, at M4 29 cm
    86.4 %  neck 1.8, 2c 1.8, d 0.25 (cap r 0.446, m 8), M3 1.05 -> 0.8, M4 0.60 -> 3.5, hole 0.5; beam rms at M3 26 cm, at M4 27 cm
    86.2 %  neck 1.3, 2c 1.35, d 0.2 (cap r 0.354, m 8), M3 1.00 -> 0.8, M4 0.60 -> 3.5, hole 0.5; beam rms at M3 26 cm, at M4 27 cm
    86.0 %  neck 1.3, 2c 1.5, d 0.25 (cap r 0.438, m 7), M3 0.85 -> 0.8, M4 0.60 -> 3.5, hole 0.5; beam rms at M3 24 cm, at M4 26 cm

THE YEAR: the coude machine (neck 1.3, 2c 1.2, d 0.2, M3 1.15 -> 0.8, M4 0.60 -> 3.5, hole 0.4) against the built machine; rays through, sigb 0.0043; 'disc' = the sun's limb-darkened disc, 'fixed' = the kernel's fixed 3.2 mrad offset (the year logs)
day        hour    el |  built  built |  coude  coude | cap sh   hole  blade no cap   film     M3  pivot     M4  stalk turn M    way collar | net light (0.94/mirror) built x3, coude x5, disc
                      |  fixed   disc |  fixed   disc |
midwinter     8  11.3 |   0.0%   0.0% |      -      - |
midwinter     9  21.1 |  24.6%  25.4% |  90.1%  86.3% |   2.6%   1.0%   0.0%   0.0%   0.0%   2.5%   1.8%   2.6%   0.2%   1.4%   0.0%   1.6% |  21.1%  63.3%
midwinter    10  29.1 |  21.1%  21.7% |  90.2%  86.3% |   2.6%   1.0%   0.0%   0.0%   0.0%   2.5%   1.8%   2.5%   0.1%   1.0%   0.0%   2.1% |  18.0%  63.3%
midwinter    11  34.5 |  19.1%  19.1% |  90.0%  86.2% |   2.6%   1.0%   0.0%   0.0%   0.0%   2.6%   1.8%   2.4%   0.1%   0.9%   0.0%   2.5% |  15.9%  63.2%
midwinter    12  36.4 |  19.0%  18.4% |  89.6%  85.7% |   2.6%   1.0%   0.0%   0.0%   0.0%   2.6%   1.8%   2.4%   0.1%   1.0%   0.0%   2.9% |  15.3%  62.9%
midwinter    13  34.5 |  20.5%  19.0% |  89.0%  85.2% |   2.6%   1.0%   0.0%   0.0%   0.0%   2.5%   1.8%   2.3%   0.1%   1.3%   0.0%   3.1% |  15.8%  62.5%
midwinter    14  29.1 |  23.8%  21.7% |  88.3%  84.5% |   2.6%   1.0%   0.0%   0.0%   0.0%   2.5%   1.8%   2.4%   0.1%   1.6%   0.0%   3.4% |  18.0%  62.0%
midwinter    15  21.1 |  28.4%  26.0% |  87.4%  83.5% |   2.6%   1.0%   0.0%   0.0%   0.0%   2.6%   1.7%   2.5%   0.1%   2.0%   0.0%   3.8% |  21.6%  61.3%
midwinter    16  11.3 |   0.0%   0.0% |      -      - |
equinox       8  25.4 |  21.6%  23.4% |  90.7%  87.1% |   2.6%   1.0%   0.0%   0.0%   0.0%   2.6%   1.8%   2.5%   0.1%   1.6%   0.0%   0.6% |  19.4%  63.9%
equinox       9  37.4 |  16.3%  17.5% |  91.6%  87.6% |   2.6%   1.0%   0.0%   0.0%   0.0%   2.5%   1.8%   2.4%   0.1%   1.0%   0.0%   0.9% |  14.5%  64.3%
equinox      10  48.2 |  13.3%  14.1% |  91.7%  87.9% |   2.6%   1.0%   0.0%   0.0%   0.0%   2.5%   1.9%   2.3%   0.1%   0.6%   0.0%   1.2% |  11.7%  64.5%
equinox      11  56.2 |  10.3%  10.9% |  91.2%  87.9% |   2.6%   1.0%   0.0%   0.0%   0.0%   2.5%   1.8%   2.2%   0.0%   0.4%   0.0%   1.6% |   9.1%  64.5%
equinox      12  59.4 |  10.5%   9.9% |  90.7%  87.5% |   2.6%   1.0%   0.0%   0.0%   0.0%   2.6%   1.8%   2.1%   0.0%   0.5%   0.0%   1.9% |   8.3%  64.2%
equinox      13  56.2 |  12.5%  10.8% |  90.4%  86.9% |   2.6%   1.0%   0.0%   0.0%   0.0%   2.5%   1.8%   2.1%   0.1%   0.7%   0.0%   2.2% |   9.0%  63.8%
equinox      14  48.2 |  15.6%  13.8% |  89.8%  86.3% |   2.6%   1.0%   0.0%   0.0%   0.0%   2.6%   1.8%   2.1%   0.1%   1.0%   0.0%   2.5% |  11.5%  63.3%
equinox      15  37.4 |  20.1%  17.7% |  88.7%  85.4% |   2.6%   1.0%   0.0%   0.0%   0.0%   2.6%   1.8%   2.3%   0.1%   1.3%   0.0%   3.0% |  14.7%  62.7%
equinox      16  25.4 |  26.0%  23.3% |  87.9%  84.3% |   2.6%   1.0%   0.0%   0.0%   0.0%   2.6%   1.8%   2.4%   0.1%   1.7%   0.0%   3.4% |  19.4%  61.9%
midsummer     8  36.6 |  15.7%  17.3% |  92.0%  87.8% |   2.6%   1.0%   0.0%   0.0%   0.0%   2.6%   1.9%   2.3%   0.1%   1.4%   0.0%   0.3% |  14.4%  64.5%
midsummer     9  49.5 |  12.2%  13.0% |  93.0%  88.5% |   2.6%   1.0%   0.0%   0.0%   0.0%   2.6%   1.8%   2.2%   0.0%   0.9%   0.0%   0.3% |  10.8%  64.9%
midsummer    10  62.5 |   7.0%   8.6% |  93.4%  88.9% |   2.6%   1.0%   0.0%   0.0%   0.0%   2.6%   1.8%   2.1%   0.0%   0.6%   0.0%   0.3% |   7.1%  65.2%
midsummer    11  75.0 |   6.5%   7.7% |  93.0%  89.1% |   2.6%   1.0%   0.0%   0.0%   0.0%   2.5%   1.8%   2.1%   0.0%   0.4%   0.0%   0.4% |   6.4%  65.4%
midsummer    12  83.2 |   8.4%   7.9% |  91.1%  88.7% |   2.6%   1.0%   0.0%   0.0%   0.0%   2.6%   1.8%   2.1%   0.0%   0.3%   0.0%   0.9% |   6.5%  65.1%
midsummer    13  75.0 |   9.0%   7.6% |  91.8%  88.3% |   2.6%   1.0%   0.0%   0.0%   0.0%   2.6%   1.8%   2.0%   0.0%   0.4%   0.0%   1.2% |   6.3%  64.8%
midsummer    14  62.5 |  10.1%   8.5% |  90.9%  87.9% |   2.6%   1.0%   0.0%   0.0%   0.0%   2.6%   1.8%   2.0%   0.0%   0.5%   0.0%   1.5% |   7.1%  64.5%
midsummer    15  49.5 |  15.0%  13.2% |  89.8%  87.2% |   2.6%   1.0%   0.0%   0.0%   0.0%   2.5%   1.8%   2.1%   0.0%   0.6%   0.0%   2.0% |  11.0%  64.0%
midsummer    16  36.6 |  20.0%  17.1% |  89.3%  86.3% |   2.6%   1.0%   0.0%   0.0%   0.0%   2.5%   1.9%   2.3%   0.1%   0.9%   0.0%   2.4% |  14.2%  63.3%

summed over the nine hours weighted by sin(el), the coude machine relative to the built one:
  midwinter  rays through: fixed offset  4.09x, sun's disc  4.05x;   net light with the disc  3.57x
  equinox    rays through: fixed offset  5.98x, sun's disc  5.95x;   net light with the disc  5.26x
  midsummer  rays through: fixed offset  8.45x, sun's disc  8.35x;   net light with the disc  7.38x
DONE
