THE YEAR for the relay design neck 1.8, 2c 1.5, d 0.2 (cap r 0.358, magnification 8), M3 1.35 -> 0.8, M4 0.60 -> 3.5, hole 0.4; sigb 0.0043; rays through and the spot's rms radius (cm) at the collar plane, for the built machine from the kernel's out6
day        hour    el |  built  built  spot |  coude  coude  spot bread | cap sh   hole  blade no cap   film     M3  pivot     M4  stalk turn M    way collar | net light built x3, coude x5 (disc)
                      |  fixed   disc  disc |  fixed   disc  disc  disc |
midwinter     8  11.3 |   0.0%   0.0%     - |      -      -     -     - |
midwinter     9  21.1 |  79.5%  73.9%  32.4 |  89.8%  85.4%  21.1  57.7 |   2.8%   0.8%   0.0%   0.0%   0.0%   3.3%   1.7%   2.9%   0.1%   1.4%   0.0%   1.6% |  61.3%  62.7%
midwinter    10  29.1 |  75.8%  70.8%  33.7 |  90.0%  85.4%  21.4  52.7 |   2.8%   0.8%   0.0%   0.0%   0.0%   3.3%   1.6%   2.8%   0.1%   1.0%   0.0%   2.1% |  58.8%  62.7%
midwinter    11  34.5 |  72.1%  68.3%  34.6 |  89.7%  85.1%  21.7  48.1 |   2.8%   0.8%   0.0%   0.0%   0.0%   3.3%   1.6%   2.6%   0.1%   0.9%   0.0%   2.7% |  56.7%  62.5%
midwinter    12  36.4 |  70.5%  67.8%  34.8 |  89.2%  84.6%  21.9  43.7 |   2.8%   0.8%   0.0%   0.0%   0.0%   3.4%   1.6%   2.7%   0.1%   1.0%   0.0%   3.0% |  56.3%  62.1%
midwinter    13  34.5 |  70.0%  68.2%  34.6 |  88.5%  84.0%  22.0  40.6 |   2.8%   0.8%   0.0%   0.0%   0.0%   3.3%   1.7%   2.6%   0.1%   1.3%   0.0%   3.4% |  56.7%  61.6%
midwinter    14  29.1 |  71.5%  70.8%  33.8 |  87.7%  83.2%  22.1  38.8 |   2.8%   0.8%   0.0%   0.0%   0.0%   3.3%   1.6%   2.7%   0.1%   1.7%   0.0%   3.7% |  58.8%  61.1%
midwinter    15  21.1 |  74.7%  74.5%  32.4 |  86.7%  82.2%  22.2  37.7 |   2.8%   0.8%   0.0%   0.0%   0.0%   3.3%   1.6%   2.8%   0.1%   2.2%   0.0%   4.1% |  61.9%  60.3%
midwinter    16  11.3 |   0.0%   0.0%     - |      -      -     -     - |
equinox       8  25.4 |  78.6%  71.5%  33.2 |  90.2%  86.2%  20.1  63.8 |   2.8%   0.8%   0.0%   0.0%   0.0%   3.3%   1.7%   2.8%   0.1%   1.7%   0.0%   0.6% |  59.4%  63.2%
equinox       9  37.4 |  72.6%  66.3%  34.8 |  91.3%  86.8%  20.6  58.5 |   2.8%   0.8%   0.0%   0.0%   0.0%   3.3%   1.6%   2.7%   0.0%   1.1%   0.0%   0.8% |  55.0%  63.7%
equinox      10  48.2 |  66.8%  61.8%  35.9 |  91.5%  87.1%  21.0  53.6 |   2.8%   0.8%   0.0%   0.0%   0.0%   3.2%   1.7%   2.5%   0.0%   0.6%   0.0%   1.2% |  51.3%  63.9%
equinox      11  56.2 |  57.3%  53.9%  36.4 |  91.0%  87.0%  21.3  48.5 |   2.8%   0.8%   0.0%   0.0%   0.0%   3.3%   1.6%   2.4%   0.0%   0.4%   0.0%   1.6% |  44.8%  63.9%
equinox      12  59.4 |  54.5%  52.4%  36.4 |  90.4%  86.5%  21.5  44.0 |   2.8%   0.8%   0.0%   0.0%   0.0%   3.4%   1.6%   2.3%   0.0%   0.5%   0.0%   2.1% |  43.5%  63.5%
equinox      13  56.2 |  55.5%  54.1%  36.4 |  90.0%  85.8%  21.6  40.9 |   2.8%   0.8%   0.0%   0.0%   0.0%   3.3%   1.6%   2.4%   0.0%   0.7%   0.0%   2.5% |  44.9%  63.0%
equinox      14  48.2 |  62.3%  61.8%  35.9 |  89.2%  85.2%  21.8  39.4 |   2.8%   0.8%   0.0%   0.0%   0.0%   3.4%   1.6%   2.4%   0.0%   1.0%   0.0%   2.8% |  51.3%  62.5%
equinox      15  37.4 |  66.0%  66.4%  34.9 |  87.9%  84.2%  21.9  39.0 |   2.8%   0.8%   0.0%   0.0%   0.0%   3.3%   1.7%   2.5%   0.1%   1.4%   0.0%   3.2% |  55.1%  61.8%
equinox      16  25.4 |  70.9%  71.6%  33.2 |  87.0%  83.1%  21.9  39.1 |   2.8%   0.8%   0.0%   0.0%   0.0%   3.3%   1.7%   2.7%   0.1%   1.8%   0.0%   3.7% |  59.5%  61.0%
midsummer     8  36.6 |  72.8%  66.0%  34.8 |  91.4%  86.9%  19.5  64.7 |   2.8%   0.8%   0.0%   0.0%   0.0%   3.3%   1.7%   2.7%   0.1%   1.5%   0.0%   0.2% |  54.8%  63.8%
midsummer     9  49.5 |  66.4%  60.5%  35.9 |  92.6%  87.6%  20.0  60.1 |   2.8%   0.8%   0.0%   0.0%   0.0%   3.3%   1.7%   2.5%   0.0%   0.9%   0.0%   0.2% |  50.3%  64.3%
midsummer    10  62.5 |  53.8%  49.6%  35.3 |  93.1%  88.1%  20.3  55.6 |   2.8%   0.8%   0.0%   0.0%   0.0%   3.3%   1.7%   2.3%   0.0%   0.6%   0.0%   0.3% |  41.2%  64.7%
midsummer    11  75.0 |  50.9%  47.5%  36.0 |  92.9%  88.4%  20.5  52.2 |   2.8%   0.8%   0.0%   0.0%   0.0%   3.3%   1.7%   2.3%   0.0%   0.4%   0.0%   0.4% |  39.5%  64.9%
midsummer    12  83.2 |  49.9%  48.1%  37.1 |  91.0%  87.9%  20.8  47.1 |   2.8%   0.8%   0.0%   0.0%   0.0%   3.4%   1.6%   2.2%   0.0%   0.3%   0.0%   1.0% |  40.0%  64.5%
midsummer    13  75.0 |  49.6%  47.7%  35.9 |  91.4%  87.5%  21.1  42.8 |   2.8%   0.8%   0.0%   0.0%   0.0%   3.3%   1.7%   2.1%   0.0%   0.4%   0.0%   1.4% |  39.6%  64.2%
midsummer    14  62.5 |  51.3%  49.8%  35.3 |  90.2%  86.9%  21.2  42.7 |   2.8%   0.8%   0.0%   0.0%   0.0%   3.3%   1.7%   2.2%   0.0%   0.5%   0.0%   1.7% |  41.3%  63.8%
midsummer    15  49.5 |  60.5%  60.7%  35.9 |  88.9%  86.1%  21.3  43.2 |   2.8%   0.8%   0.0%   0.0%   0.0%   3.3%   1.7%   2.4%   0.0%   0.7%   0.0%   2.2% |  50.4%  63.2%
midsummer    16  36.6 |  65.1%  65.9%  34.7 |  88.2%  85.2%  21.4  44.0 |   2.8%   0.8%   0.0%   0.0%   0.0%   3.3%   1.7%   2.6%   0.1%   1.0%   0.0%   2.6% |  54.7%  62.5%

summed over the nine hours weighted by sin(el), the coude machine relative to the built one:
  midwinter  rays through: fixed offset  1.22x, sun's disc  1.20x;   net light with the disc  1.06x
  equinox    rays through: fixed offset  1.42x, sun's disc  1.42x;   net light with the disc  1.25x
  midsummer  rays through: fixed offset  1.62x, sun's disc  1.62x;   net light with the disc  1.43x
DONE
