THE YEAR for the relay design neck 1.8, 2c 1.5, d 0.2 (cap r 0.358, magnification 8), M3 1.35 -> 0.8, M4 0.60 -> 3.5, hole 0.4; sigb 0.0043; rays through and the spot's rms radius (cm) at the collar plane, for the built machine from the kernel's out6
day        hour    el |  built  built  spot |  coude  coude  spot bread | cap sh   hole  blade no cap   film     M3  pivot     M4  stalk turn M    way collar | net light built x3, coude x5 (disc)
                      |  fixed   disc  disc |  fixed   disc  disc  disc |
midwinter     8  11.3 |   0.0%   0.0%     - |      -      -     -     - |
midwinter     9  21.1 |  24.7%  25.4%  41.5 |  89.8%  85.4%  21.1  57.7 |   2.8%   0.8%   0.0%   0.0%   0.0%   3.3%   1.7%   2.9%   0.1%   1.4%   0.0%   1.6% |  21.1%  62.7%
midwinter    10  29.1 |  21.1%  21.7%  42.7 |  90.0%  85.4%  21.4  52.7 |   2.8%   0.8%   0.0%   0.0%   0.0%   3.3%   1.6%   2.8%   0.1%   1.0%   0.0%   2.1% |  18.0%  62.7%
midwinter    11  34.5 |  19.1%  19.1%  43.1 |  89.7%  85.1%  21.7  48.1 |   2.8%   0.8%   0.0%   0.0%   0.0%   3.3%   1.6%   2.6%   0.1%   0.9%   0.0%   2.7% |  15.9%  62.5%
midwinter    12  36.4 |  19.0%  18.4%  43.2 |  89.2%  84.6%  21.9  43.7 |   2.8%   0.8%   0.0%   0.0%   0.0%   3.4%   1.6%   2.7%   0.1%   1.0%   0.0%   3.0% |  15.3%  62.1%
midwinter    13  34.5 |  20.4%  19.0%  43.1 |  88.5%  84.0%  22.0  40.6 |   2.8%   0.8%   0.0%   0.0%   0.0%   3.3%   1.7%   2.6%   0.1%   1.3%   0.0%   3.4% |  15.8%  61.6%
midwinter    14  29.1 |  23.7%  21.7%  42.7 |  87.7%  83.2%  22.1  38.8 |   2.8%   0.8%   0.0%   0.0%   0.0%   3.3%   1.6%   2.7%   0.1%   1.7%   0.0%   3.7% |  18.0%  61.1%
midwinter    15  21.1 |  28.3%  26.0%  41.7 |  86.7%  82.2%  22.2  37.7 |   2.8%   0.8%   0.0%   0.0%   0.0%   3.3%   1.6%   2.8%   0.1%   2.2%   0.0%   4.1% |  21.6%  60.3%
midwinter    16  11.3 |   0.0%   0.0%     - |      -      -     -     - |
equinox       8  25.4 |  21.8%  23.4%  42.0 |  90.2%  86.2%  20.1  63.8 |   2.8%   0.8%   0.0%   0.0%   0.0%   3.3%   1.7%   2.8%   0.1%   1.7%   0.0%   0.6% |  19.4%  63.2%
equinox       9  37.4 |  16.3%  17.5%  42.9 |  91.3%  86.8%  20.6  58.5 |   2.8%   0.8%   0.0%   0.0%   0.0%   3.3%   1.6%   2.7%   0.0%   1.1%   0.0%   0.8% |  14.5%  63.7%
equinox      10  48.2 |  13.3%  14.1%  43.2 |  91.5%  87.1%  21.0  53.6 |   2.8%   0.8%   0.0%   0.0%   0.0%   3.2%   1.7%   2.5%   0.0%   0.6%   0.0%   1.2% |  11.7%  63.9%
equinox      11  56.2 |  10.3%  10.9%  42.8 |  91.0%  87.0%  21.3  48.5 |   2.8%   0.8%   0.0%   0.0%   0.0%   3.3%   1.6%   2.4%   0.0%   0.4%   0.0%   1.6% |   9.1%  63.9%
equinox      12  59.4 |  10.5%   9.9%  42.1 |  90.4%  86.5%  21.5  44.0 |   2.8%   0.8%   0.0%   0.0%   0.0%   3.4%   1.6%   2.3%   0.0%   0.5%   0.0%   2.1% |   8.3%  63.5%
equinox      13  56.2 |  12.4%  10.8%  42.6 |  90.0%  85.8%  21.6  40.9 |   2.8%   0.8%   0.0%   0.0%   0.0%   3.3%   1.6%   2.4%   0.0%   0.7%   0.0%   2.5% |   9.0%  63.0%
equinox      14  48.2 |  15.5%  13.8%  43.1 |  89.2%  85.2%  21.8  39.4 |   2.8%   0.8%   0.0%   0.0%   0.0%   3.4%   1.6%   2.4%   0.0%   1.0%   0.0%   2.8% |  11.5%  62.5%
equinox      15  37.4 |  20.2%  17.7%  43.2 |  87.9%  84.2%  21.9  39.0 |   2.8%   0.8%   0.0%   0.0%   0.0%   3.3%   1.7%   2.5%   0.1%   1.4%   0.0%   3.2% |  14.7%  61.8%
equinox      16  25.4 |  26.2%  23.3%  42.1 |  87.0%  83.1%  21.9  39.1 |   2.8%   0.8%   0.0%   0.0%   0.0%   3.3%   1.7%   2.7%   0.1%   1.8%   0.0%   3.7% |  19.4%  61.0%
midsummer     8  36.6 |  15.6%  17.3%  42.4 |  91.4%  86.9%  19.5  64.7 |   2.8%   0.8%   0.0%   0.0%   0.0%   3.3%   1.7%   2.7%   0.1%   1.5%   0.0%   0.2% |  14.4%  63.8%
midsummer     9  49.5 |  12.1%  13.0%  42.5 |  92.6%  87.6%  20.0  60.1 |   2.8%   0.8%   0.0%   0.0%   0.0%   3.3%   1.7%   2.5%   0.0%   0.9%   0.0%   0.2% |  10.8%  64.3%
midsummer    10  62.5 |   7.1%   8.6%  39.8 |  93.1%  88.1%  20.3  55.6 |   2.8%   0.8%   0.0%   0.0%   0.0%   3.3%   1.7%   2.3%   0.0%   0.6%   0.0%   0.3% |   7.1%  64.7%
midsummer    11  75.0 |   6.7%   7.7%  39.7 |  92.9%  88.4%  20.5  52.2 |   2.8%   0.8%   0.0%   0.0%   0.0%   3.3%   1.7%   2.3%   0.0%   0.4%   0.0%   0.4% |   6.4%  64.9%
midsummer    12  83.2 |   8.4%   7.9%  41.7 |  91.0%  87.9%  20.8  47.1 |   2.8%   0.8%   0.0%   0.0%   0.0%   3.4%   1.6%   2.2%   0.0%   0.3%   0.0%   1.0% |   6.5%  64.5%
midsummer    13  75.0 |   8.9%   7.6%  39.9 |  91.4%  87.5%  21.1  42.8 |   2.8%   0.8%   0.0%   0.0%   0.0%   3.3%   1.7%   2.1%   0.0%   0.4%   0.0%   1.4% |   6.3%  64.2%
midsummer    14  62.5 |  10.3%   8.5%  39.9 |  90.2%  86.9%  21.2  42.7 |   2.8%   0.8%   0.0%   0.0%   0.0%   3.3%   1.7%   2.2%   0.0%   0.5%   0.0%   1.7% |   7.1%  63.8%
midsummer    15  49.5 |  15.1%  13.2%  42.9 |  88.9%  86.1%  21.3  43.2 |   2.8%   0.8%   0.0%   0.0%   0.0%   3.3%   1.7%   2.4%   0.0%   0.7%   0.0%   2.2% |  11.0%  63.2%
midsummer    16  36.6 |  19.9%  17.1%  42.4 |  88.2%  85.2%  21.4  44.0 |   2.8%   0.8%   0.0%   0.0%   0.0%   3.3%   1.7%   2.6%   0.1%   1.0%   0.0%   2.6% |  14.2%  62.5%

summed over the nine hours weighted by sin(el), the coude machine relative to the built one:
  midwinter  rays through: fixed offset  4.08x, sun's disc  3.99x;   net light with the disc  3.53x
  equinox    rays through: fixed offset  5.95x, sun's disc  5.88x;   net light with the disc  5.20x
  midsummer  rays through: fixed offset  8.38x, sun's disc  8.27x;   net light with the disc  7.31x
