  import pynvml  # type: ignore[import]
  [hashemi] receiver='tri': duct_nozzle=2 ignored, the three-mirror machine has no elbow
  [polar optics] one mirror 8.0 m2, f=4.59 m, T=600 N/m (12 MPa film), duct r=0.14 m
  [hashemi] SLOTLESS: beta_dev 0 deg keeps beam el <= 88 < el_x 89 - dish never crosses the post; build the dish UNCUT
  [hashemi] CPC lip: Winston profile, acceptance 90.0 deg, throat 2.39 -> mouth 2.387 m over 0.60 m (8 segments)
  [hashemi] megakernel active (Metal, 1 thread/ray)
  [hashemi] dish 13.9 m2 SPHERE R=8.2 m (f=R/2=4.09, design 4.05) orbit g=4.0 -> fold at z=8.47 m, waist z=8.4, M5 pit z=-0.10
  [hashemi] fold r=0.60 m (obstruction 8%), slot 4.97 m (65%), waist z=8.42 in tube [4.3,4.7], M5 r=4.52 at core base, track el 12-88 (NO gate), chain 0.840
  [hashemi] machine wholly on the roof: ring rail R 4.6, dish sweep r=6.1 m inside the parapet; beam sealed below the roof deck
  [hashemi] receiver='tri': duct_nozzle=2 ignored, the three-mirror machine has no elbow
  [polar optics] one mirror 8.0 m2, f=4.59 m, T=600 N/m (12 MPa film), duct r=0.14 m
  [hashemi] SLOTLESS: beta_dev 0 deg keeps beam el <= 88 < el_x 89 - dish never crosses the post; build the dish UNCUT
  [hashemi] CPC lip: Winston profile, acceptance 90.0 deg, throat 2.39 -> mouth 2.387 m over 0.60 m (8 segments)
  [hashemi] megakernel active (Metal, 1 thread/ray)
  [hashemi] dish 13.9 m2 SPHERE R=8.2 m (f=R/2=4.09, design 4.05) orbit g=4.0 -> fold at z=8.47 m, waist z=8.4, M5 pit z=-0.10
  [hashemi] fold r=0.60 m (obstruction 8%), slot 4.97 m (65%), waist z=8.42 in tube [4.3,4.7], M5 r=4.52 at core base, track el 12-88 (NO gate), chain 0.840
  [hashemi] machine wholly on the roof: ring rail R 4.6, dish sweep r=6.1 m inside the parapet; beam sealed below the roof deck
  [hashemi] receiver='tri': duct_nozzle=2 ignored, the three-mirror machine has no elbow
  [polar optics] one mirror 8.0 m2, f=4.59 m, T=600 N/m (12 MPa film), duct r=0.14 m
  [hashemi] SLOTLESS: beta_dev 0 deg keeps beam el <= 88 < el_x 89 - dish never crosses the post; build the dish UNCUT
  [hashemi] CPC lip: Winston profile, acceptance 90.0 deg, throat 2.39 -> mouth 2.387 m over 0.60 m (8 segments)
  [hashemi] megakernel active (Metal, 1 thread/ray)
  [hashemi] dish 13.9 m2 SPHERE R=8.2 m (f=R/2=4.09, design 4.05) orbit g=4.0 -> fold at z=8.47 m, waist z=8.4, M5 pit z=-0.10
  [hashemi] fold r=0.29 m (obstruction 2%), slot 4.97 m (65%), waist z=8.42 in tube [4.3,4.7], M5 r=4.52 at core base, track el 12-88 (NO gate), chain 0.840
  [hashemi] machine wholly on the roof: ring rail R 4.6, dish sweep r=6.1 m inside the parapet; beam sealed below the roof deck
  [hashemi] receiver='tri': duct_nozzle=2 ignored, the three-mirror machine has no elbow
  [polar optics] one mirror 8.0 m2, f=4.59 m, T=600 N/m (12 MPa film), duct r=0.14 m
  [hashemi] SLOTLESS: beta_dev 0 deg keeps beam el <= 88 < el_x 89 - dish never crosses the post; build the dish UNCUT
  [hashemi] CPC lip: Winston profile, acceptance 90.0 deg, throat 2.39 -> mouth 2.387 m over 0.60 m (8 segments)
  [hashemi] megakernel active (Metal, 1 thread/ray)
  [hashemi] dish 13.9 m2 SPHERE R=8.2 m (f=R/2=4.09, design 4.05) orbit g=4.0 -> fold at z=8.47 m, waist z=8.4, M5 pit z=-0.10
  [hashemi] fold r=0.29 m (obstruction 2%), slot 4.97 m (65%), waist z=8.42 in tube [4.3,4.7], M5 r=4.52 at core base, track el 12-88 (NO gate), chain 0.840
  [hashemi] machine wholly on the roof: ring rail R 4.6, dish sweep r=6.1 m inside the parapet; beam sealed below the roof deck
rays through (%), the Gregorian cap 0.15 m beyond F with F2 3 m from F (cap r 0.286 m, shadow 1.9 % inside the hole, magnification 21); 'axis' = the crossing rays counted as passed
day        hour    el | built f4 | deep 1.05 axis 1.05 | deep 1.5 axis 1.5
midwinter     8  11.3 |     0.0% |      0.0%      0.0% |     0.0%     0.0%
midwinter     9  21.1 |    24.6% |      0.0%     79.7% |    43.9%    69.9%
midwinter    10  29.1 |    21.1% |      0.0%     81.9% |     0.0%    86.1%
midwinter    11  34.5 |    19.1% |      0.0%     83.5% |     0.0%    86.9%
midwinter    12  36.4 |    19.0% |      0.0%     83.8% |     0.0%    87.3%
midwinter    13  34.5 |    20.5% |      0.0%     83.3% |     0.0%    87.0%
midwinter    14  29.1 |    23.8% |      0.0%     82.5% |     0.0%    86.5%
midwinter    15  21.1 |    28.4% |      0.0%     80.2% |    19.8%    68.6%
midwinter    16  11.3 |     0.0% |      0.0%      0.0% |     0.0%     0.0%
equinox       8  25.4 |    21.6% |      0.0%     83.2% |     2.8%    87.9%
equinox       9  37.4 |    16.3% |      0.0%     86.4% |     0.0%    91.9%
equinox      10  48.2 |    13.3% |      0.0%     88.4% |     0.0%    92.2%
equinox      11  56.2 |    10.3% |     67.2%     67.2% |    67.2%    67.6%
equinox      12  59.4 |    10.5% |     65.8%     65.8% |    64.3%    64.6%
equinox      13  56.2 |    12.5% |     61.9%     61.9% |    60.6%    61.1%
equinox      14  48.2 |    15.6% |      0.0%     88.2% |     0.0%    92.0%
equinox      15  37.4 |    20.1% |      0.0%     87.3% |     0.0%    92.2%
equinox      16  25.4 |    26.0% |      0.0%     84.6% |     0.1%    91.9%
midsummer     8  36.6 |    15.7% |      0.0%     92.0% |     0.0%    92.2%
midsummer     9  49.5 |    12.2% |      0.0%     92.4% |     0.0%    92.4%
midsummer    10  62.5 |     7.0% |     74.0%     74.0% |    70.5%    70.8%
midsummer    11  75.0 |     6.5% |     73.5%     73.5% |    67.6%    67.7%
midsummer    12  83.2 |     8.4% |     71.0%     71.0% |    64.3%    64.4%
midsummer    13  75.0 |     9.0% |     67.0%     67.0% |    60.1%    60.3%
midsummer    14  62.5 |    10.1% |     62.0%     62.0% |    57.2%    57.6%
midsummer    15  49.5 |    15.0% |      0.0%     92.3% |     0.0%    92.4%
midsummer    16  36.6 |    20.0% |      0.0%     92.2% |     0.0%    92.2%
summed over the nine hours weighted by sin(el), relative to the built machine:
  midwinter  built 1.00 | deep 1.05  0.00  axis 1.05  3.77 | deep 1.5  0.31  axis 1.5  3.81
  equinox    built 1.00 | deep 1.05  1.78  axis 1.05  5.14 | deep 1.5  1.77  axis 1.5  5.31
  midsummer  built 1.00 | deep 1.05  4.06  axis 1.05  7.17 | deep 1.5  3.73  axis 1.5  6.86
DONE
